Component: ARM Compiler 5.06 update 6 (build 750) Tool: armlink [4d35ed]

==============================================================================

Section Cross References

    main.o(i.main) refers to kservice.o(i.rt_kprintf) for rt_kprintf
    main.o(i.main) refers to thread.o(i.rt_thread_create) for rt_thread_create
    main.o(i.main) refers to thread.o(i.rt_thread_startup) for rt_thread_startup
    main.o(i.main) refers to thread_mw.o(i.get_adc) for get_adc
    main.o(i.main) refers to main.o(.data) for tid1
    main.o(i.main) refers to thread_mw.o(i.send_data) for send_data
    main.o(i.main) refers to thread_mw.o(i.time_thread) for time_thread
    thread_mw.o(i.get_adc) refers to adc.o(i.Get_Adc) for Get_Adc
    thread_mw.o(i.get_adc) refers to thread.o(i.rt_thread_yield) for rt_thread_yield
    thread_mw.o(i.get_adc) refers to timer.o(i.rt_timer_check) for rt_timer_check
    thread_mw.o(i.get_adc) refers to thread_mw.o(.data) for time_xx
    thread_mw.o(i.get_adc) refers to adc.o(.bss) for Analog_v
    thread_mw.o(i.send_data) refers to _printf_percent.o(.ARM.Collect$$_printf_percent$$00000000) for _printf_percent
    thread_mw.o(i.send_data) refers to _printf_f.o(.ARM.Collect$$_printf_percent$$00000003) for _printf_f
    thread_mw.o(i.send_data) refers to printf1.o(x$fpl$printf1) for _printf_fp_dec
    thread_mw.o(i.send_data) refers to clock.o(i.rt_tick_get) for rt_tick_get
    thread_mw.o(i.send_data) refers to dflt_clz.o(x$fpl$dfltu) for __aeabi_ui2d
    thread_mw.o(i.send_data) refers to ddiv.o(x$fpl$ddiv) for __aeabi_ddiv
    thread_mw.o(i.send_data) refers to noretval__2printf.o(.text) for __2printf
    thread_mw.o(i.send_data) refers to thread_mw.o(i.send_data_f) for send_data_f
    thread_mw.o(i.send_data) refers to thread_mw.o(i.send_data_f2) for send_data_f2
    thread_mw.o(i.send_data) refers to thread.o(i.rt_thread_delay) for rt_thread_delay
    thread_mw.o(i.send_data) refers to timer.o(i.rt_timer_check) for rt_timer_check
    thread_mw.o(i.send_data) refers to thread_mw.o(.data) for time_x
    thread_mw.o(i.send_data_f) refers to _printf_percent.o(.ARM.Collect$$_printf_percent$$00000000) for _printf_percent
    thread_mw.o(i.send_data_f) refers to _printf_d.o(.ARM.Collect$$_printf_percent$$00000009) for _printf_d
    thread_mw.o(i.send_data_f) refers to _printf_dec.o(.text) for _printf_int_dec
    thread_mw.o(i.send_data_f) refers to noretval__2printf.o(.text) for __2printf
    thread_mw.o(i.send_data_f) refers to adc.o(.bss) for Analog_v
    thread_mw.o(i.send_data_f2) refers to _printf_pad.o(.text) for _printf_pre_padding
    thread_mw.o(i.send_data_f2) refers to _printf_percent.o(.ARM.Collect$$_printf_percent$$00000000) for _printf_percent
    thread_mw.o(i.send_data_f2) refers to _printf_f.o(.ARM.Collect$$_printf_percent$$00000003) for _printf_f
    thread_mw.o(i.send_data_f2) refers to printf1.o(x$fpl$printf1) for _printf_fp_dec
    thread_mw.o(i.send_data_f2) refers to _printf_d.o(.ARM.Collect$$_printf_percent$$00000009) for _printf_d
    thread_mw.o(i.send_data_f2) refers to _printf_dec.o(.text) for _printf_int_dec
    thread_mw.o(i.send_data_f2) refers to f2d.o(x$fpl$f2d) for __aeabi_f2d
    thread_mw.o(i.send_data_f2) refers to noretval__2printf.o(.text) for __2printf
    thread_mw.o(i.send_data_f2) refers to jy901.o(.bss) for d
    thread_mw.o(i.send_data_f2) refers to jy901.o(.data) for z_a
    thread_mw.o(i.time_thread) refers to clock.o(i.rt_tick_get) for rt_tick_get
    thread_mw.o(i.time_thread) refers to kservice.o(i.rt_kprintf) for rt_kprintf
    thread_mw.o(i.time_thread) refers to thread.o(i.rt_thread_delay) for rt_thread_delay
    thread_mw.o(i.time_thread) refers to thread_mw.o(.data) for time_xxxx
    adc.o(i.clear_Analog_voltage) refers to adc.o(.bss) for Analog_v
    usart2.o(i.PcTx_String2) refers to usart2.o(i.PcTx_Byte2) for PcTx_Byte2
    usart2.o(i.USART2_IRQHandler) refers to scheduler.o(i.rt_enter_critical) for rt_enter_critical
    usart2.o(i.USART2_IRQHandler) refers to jy901.o(i.CopeSerialData) for CopeSerialData
    usart2.o(i.USART2_IRQHandler) refers to scheduler.o(i.rt_exit_critical) for rt_exit_critical
    usart2.o(i.usart2_init) refers to fflt_clz.o(x$fpl$ffltu) for __aeabi_ui2f
    usart2.o(i.usart2_init) refers to fdiv.o(x$fpl$fdiv) for __aeabi_fdiv
    usart2.o(i.usart2_init) refers to ffixu.o(x$fpl$ffixu) for __aeabi_f2uiz
    usart2.o(i.usart2_init) refers to faddsub_clz.o(x$fpl$frsb) for __aeabi_frsub
    usart2.o(i.usart2_init) refers to fmul.o(x$fpl$fmul) for __aeabi_fmul
    usart2.o(i.usart2_init) refers to faddsub_clz.o(x$fpl$fadd) for __aeabi_fadd
    jy901.o(i.CopeSerialData) refers to fflt_clz.o(x$fpl$fflt) for __aeabi_i2f
    jy901.o(i.CopeSerialData) refers to fdiv.o(x$fpl$fdiv) for __aeabi_fdiv
    jy901.o(i.CopeSerialData) refers to faddsub_clz.o(x$fpl$fadd) for __aeabi_fadd
    jy901.o(i.CopeSerialData) refers to ffix.o(x$fpl$ffix) for __aeabi_f2iz
[...]
    i.main                                   0x08002284   Section        0  main.o(i.main)
    i.main_thread_entry                      0x08002380   Section        0  components.o(i.main_thread_entry)
    i.plug_holes                             0x08002390   Section        0  mem.o(i.plug_holes)
    plug_holes                               0x08002391   Thumb Code   108  mem.o(i.plug_holes)
    i.print_number                           0x08002408   Section        0  kservice.o(i.print_number)
    print_number                             0x08002409   Thumb Code   388  kservice.o(i.print_number)
    i.rt_application_init                    0x08002594   Section        0  components.o(i.rt_application_init)
    i.rt_components_board_init               0x080025c0   Section        0  components.o(i.rt_components_board_init)
    i.rt_components_init                     0x080025dc   Section        0  components.o(i.rt_components_init)
    i.rt_enter_critical                      0x080025f8   Section        0  scheduler.o(i.rt_enter_critical)
    i.rt_exit_critical                       0x08002618   Section        0  scheduler.o(i.rt_exit_critical)
    i.rt_free                                0x08002654   Section        0  mem.o(i.rt_free)
    i.rt_heap_begin_get                      0x08002734   Section        0  board.o(i.rt_heap_begin_get)
    i.rt_heap_end_get                        0x0800273c   Section        0  board.o(i.rt_heap_end_get)
    i.rt_hw_board_init                       0x08002744   Section        0  board.o(i.rt_hw_board_init)
    i.rt_hw_console_output                   0x08002794   Section        0  board.o(i.rt_hw_console_output)
    i.rt_hw_hard_fault_exception             0x080027c8   Section        0  cpuport.o(i.rt_hw_hard_fault_exception)
    i.rt_hw_stack_init                       0x080029c8   Section        0  cpuport.o(i.rt_hw_stack_init)
    i.rt_interrupt_enter                     0x08002a14   Section        0  irq.o(i.rt_interrupt_enter)
    i.rt_interrupt_leave                     0x08002a34   Section        0  irq.o(i.rt_interrupt_leave)
    i.rt_ipc_list_resume                     0x08002a54   Section        0  ipc.o(i.rt_ipc_list_resume)
    rt_ipc_list_resume                       0x08002a55   Thumb Code    20  ipc.o(i.rt_ipc_list_resume)
    i.rt_ipc_list_suspend                    0x08002a68   Section        0  ipc.o(i.rt_ipc_list_suspend)
    rt_ipc_list_suspend                      0x08002a69   Thumb Code   108  ipc.o(i.rt_ipc_list_suspend)
    i.rt_ipc_object_init                     0x08002ad4   Section        0  ipc.o(i.rt_ipc_object_init)
    rt_ipc_object_init                       0x08002ad5   Thumb Code    16  ipc.o(i.rt_ipc_object_init)
    i.rt_kprintf                             0x08002ae4   Section        0  kservice.o(i.rt_kprintf)
    i.rt_list_init                           0x08002b14   Section        0  ipc.o(i.rt_list_init)
    rt_list_init                             0x08002b15   Thumb Code     6  ipc.o(i.rt_list_init)
    i.rt_list_init                           0x08002b1a   Section        0  scheduler.o(i.rt_list_init)
    rt_list_init                             0x08002b1b   Thumb Code     6  scheduler.o(i.rt_list_init)
    i.rt_list_init                           0x08002b20   Section        0  timer.o(i.rt_list_init)
    rt_list_init                             0x08002b21   Thumb Code     6  timer.o(i.rt_list_init)
    i.rt_list_insert_after                   0x08002b26   Section        0  object.o(i.rt_list_insert_after)
    rt_list_insert_after                     0x08002b27   Thumb Code    14  object.o(i.rt_list_insert_after)
    i.rt_list_insert_after                   0x08002b34   Section        0  thread.o(i.rt_list_insert_after)
    rt_list_insert_after                     0x08002b35   Thumb Code    14  thread.o(i.rt_list_insert_after)
    i.rt_list_insert_after                   0x08002b42   Section        0  timer.o(i.rt_list_insert_after)
    rt_list_insert_after                     0x08002b43   Thumb Code    14  timer.o(i.rt_list_insert_after)
    i.rt_list_insert_before                  0x08002b50   Section        0  ipc.o(i.rt_list_insert_before)
    rt_list_insert_before                    0x08002b51   Thumb Code    14  ipc.o(i.rt_list_insert_before)
    i.rt_list_isempty                        0x08002b5e   Section        0  ipc.o(i.rt_list_isempty)
    rt_list_isempty                          0x08002b5f   Thumb Code    16  ipc.o(i.rt_list_isempty)
    i.rt_list_isempty                        0x08002b6e   Section        0  timer.o(i.rt_list_isempty)
    rt_list_isempty                          0x08002b6f   Thumb Code    16  timer.o(i.rt_list_isempty)
    i.rt_list_remove                         0x08002b7e   Section        0  object.o(i.rt_list_remove)
    rt_list_remove                           0x08002b7f   Thumb Code    18  object.o(i.rt_list_remove)
    i.rt_list_remove                         0x08002b90   Section        0  thread.o(i.rt_list_remove)
    rt_list_remove                           0x08002b91   Thumb Code    18  thread.o(i.rt_list_remove)
    i.rt_malloc                              0x08002ba4   Section        0  mem.o(i.rt_malloc)
    i.rt_memset                              0x08002d10   Section        0  kservice.o(i.rt_memset)
    i.rt_object_allocate                     0x08002d58   Section        0  object.o(i.rt_object_allocate)
    i.rt_object_delete                       0x08002dac   Section        0  object.o(i.rt_object_delete)
    i.rt_object_detach                       0x08002dd0   Section        0  object.o(i.rt_object_detach)
    i.rt_object_get_information              0x08002df0   Section        0  object.o(i.rt_object_get_information)
    i.rt_object_init                         0x08002e18   Section        0  object.o(i.rt_object_init)
    i.rt_object_is_systemobject              0x08002e54   Section        0  object.o(i.rt_object_is_systemobject)
    i.rt_schedule                            0x08002e68   Section        0  scheduler.o(i.rt_schedule)
    i.rt_schedule_insert_thread              0x08002ef8   Section        0  scheduler.o(i.rt_schedule_insert_thread)
    i.rt_schedule_remove_thread              0x08002f48   Section        0  scheduler.o(i.rt_schedule_remove_thread)
    i.rt_sem_init                            0x08002f9c   Section        0  ipc.o(i.rt_sem_init)
    i.rt_sem_release                         0x08002fc2   Section        0  ipc.o(i.rt_sem_release)
    i.rt_sem_take                            0x08002ffc   Section        0  ipc.o(i.rt_sem_take)
    i.rt_show_version                        0x08003070   Section        0  kservice.o(i.rt_show_version)
    i.rt_strlen                              0x08003120   Section        0  kservice.o(i.rt_strlen)
    i.rt_strncpy                             0x08003132   Section        0  kservice.o(i.rt_strncpy)
    i.rt_system_heap_init                    0x08003168   Section        0  mem.o(i.rt_system_heap_init)
    i.rt_system_scheduler_init               0x08003260   Section        0  scheduler.o(i.rt_system_scheduler_init)
    i.rt_system_scheduler_start              0x080032ac   Section        0  scheduler.o(i.rt_system_scheduler_start)
    i.rt_system_timer_init                   0x080032dc   Section        0  timer.o(i.rt_system_timer_init)
    i.rt_system_timer_thread_init            0x080032f8   Section        0  timer.o(i.rt_system_timer_thread_init)
    i.rt_thread_create                       0x080032fa   Section        0  thread.o(i.rt_thread_create)
    i.rt_thread_delay                        0x0800334a   Section        0  thread.o(i.rt_thread_delay)
    i.rt_thread_exit                         0x08003358   Section        0  thread.o(i.rt_thread_exit)
    i.rt_thread_idle_entry                   0x080033ac   Section        0  idle.o(i.rt_thread_idle_entry)
    rt_thread_idle_entry                     0x080033ad   Thumb Code     8  idle.o(i.rt_thread_idle_entry)
    i.rt_thread_idle_excute                  0x080033b4   Section        0  idle.o(i.rt_thread_idle_excute)
    i.rt_thread_idle_init                    0x08003438   Section        0  idle.o(i.rt_thread_idle_init)
    i.rt_thread_init                         0x08003474   Section        0  thread.o(i.rt_thread_init)
    i.rt_thread_resume                       0x080034a8   Section        0  thread.o(i.rt_thread_resume)
    i.rt_thread_self                         0x080034e4   Section        0  thread.o(i.rt_thread_self)
    i.rt_thread_sleep                        0x080034f0   Section        0  thread.o(i.rt_thread_sleep)
    i.rt_thread_startup                      0x08003534   Section        0  thread.o(i.rt_thread_startup)
    i.rt_thread_suspend                      0x08003560   Section        0  thread.o(i.rt_thread_suspend)
    i.rt_thread_timeout                      0x080035a4   Section        0  thread.o(i.rt_thread_timeout)
    i.rt_thread_yield                        0x080035c4   Section        0  thread.o(i.rt_thread_yield)
    i.rt_tick_get                            0x08003628   Section        0  clock.o(i.rt_tick_get)
    i.rt_tick_increase                       0x08003634   Section        0  clock.o(i.rt_tick_increase)
    i.rt_timer_check                         0x08003664   Section        0  timer.o(i.rt_timer_check)
    i.rt_timer_control                       0x080036e0   Section        0  timer.o(i.rt_timer_control)
    i.rt_timer_detach                        0x08003718   Section        0  timer.o(i.rt_timer_detach)
    i.rt_timer_init                          0x08003738   Section        0  timer.o(i.rt_timer_init)
    i.rt_timer_start                         0x08003768   Section        0  timer.o(i.rt_timer_start)
    i.rt_timer_stop                          0x08003860   Section        0  timer.o(i.rt_timer_stop)
    i.rt_vsnprintf                           0x08003890   Section        0  kservice.o(i.rt_vsnprintf)
    i.rti_board_end                          0x08003bb8   Section        0  components.o(i.rti_board_end)
    rti_board_end                            0x08003bb9   Thumb Code     4  components.o(i.rti_board_end)
    i.rti_board_start                        0x08003bbc   Section        0  components.o(i.rti_board_start)
    rti_board_start                          0x08003bbd   Thumb Code     4  components.o(i.rti_board_start)
    i.rti_end                                0x08003bc0   Section        0  components.o(i.rti_end)
    rti_end                                  0x08003bc1   Thumb Code     4  components.o(i.rti_end)
    i.rti_start                              0x08003bc4   Section        0  components.o(i.rti_start)
    rti_start                                0x08003bc5   Thumb Code     4  components.o(i.rti_start)
    i.rtthread_startup                       0x08003bc8   Section        0  components.o(i.rtthread_startup)
    i.send_data                              0x08003bf4   Section        0  thread_mw.o(i.send_data)
    i.send_data_f                            0x08003c4c   Section        0  thread_mw.o(i.send_data_f)
    i.send_data_f2                           0x08003ca8   Section        0  thread_mw.o(i.send_data_f2)
    i.skip_atoi                              0x08003e38   Section        0  kservice.o(i.skip_atoi)
    skip_atoi                                0x08003e39   Thumb Code    38  kservice.o(i.skip_atoi)
    i.time_thread                            0x08003e60   Section        0  thread_mw.o(i.time_thread)
    i.uart_init                              0x08003f74   Section        0  board.o(i.uart_init)
    i.usart2_init                            0x08004014   Section        0  usart2.o(i.usart2_init)
    i.usart3_init                            0x080041b4   Section        0  usart3.o(i.usart3_init)
    locale$$code                             0x08004358   Section       44  lc_numeric_c.o(locale$$code)
    x$fpl$ddiv                               0x08004384   Section      688  ddiv.o(x$fpl$ddiv)
    ddiv_entry                               0x0800438b   Thumb Code     0  ddiv.o(x$fpl$ddiv)
    x$fpl$dfltu                              0x08004634   Section       38  dflt_clz.o(x$fpl$dfltu)
    x$fpl$dnaninf                            0x0800465a   Section      156  dnaninf.o(x$fpl$dnaninf)
    x$fpl$dretinf                            0x080046f6   Section       12  dretinf.o(x$fpl$dretinf)
    x$fpl$f2d                                0x08004704   Section       86  f2d.o(x$fpl$f2d)
    x$fpl$fadd                               0x0800475c   Section      196  faddsub_clz.o(x$fpl$fadd)
    _fadd1                                   0x0800476b   Thumb Code     0  faddsub_clz.o(x$fpl$fadd)
    x$fpl$fdiv                               0x08004820   Section      388  fdiv.o(x$fpl$fdiv)
    _fdiv1                                   0x08004821   Thumb Code     0  fdiv.o(x$fpl$fdiv)
    x$fpl$ffix                               0x080049a4   Section       54  ffix.o(x$fpl$ffix)
    x$fpl$ffixu                              0x080049dc   Section       62  ffixu.o(x$fpl$ffixu)
    x$fpl$fflt                               0x08004a1c   Section       48  fflt_clz.o(x$fpl$fflt)
    x$fpl$ffltu                              0x08004a4c   Section       38  fflt_clz.o(x$fpl$ffltu)
    x$fpl$fmul                               0x08004a74   Section      258  fmul.o(x$fpl$fmul)
    x$fpl$fnaninf                            0x08004b76   Section      140  fnaninf.o(x$fpl$fnaninf)
    x$fpl$fretinf                            0x08004c02   Section       10  fretinf.o(x$fpl$fretinf)
    x$fpl$frsb                               0x08004c0c   Section       20  faddsub_clz.o(x$fpl$frsb)
    x$fpl$fsub                               0x08004c20   Section      234  faddsub_clz.o(x$fpl$fsub)
    _fsub1                                   0x08004c2f   Thumb Code     0  faddsub_clz.o(x$fpl$fsub)
    x$fpl$printf1                            0x08004d0a   Section        4  printf1.o(x$fpl$printf1)
    .constdata                               0x08004d0e   Section      290  kservice.o(.constdata)
    x$fpl$usenofp                            0x08004d0e   Section        0  usenofp.o(x$fpl$usenofp)
    small_digits                             0x08004e0e   Data          17  kservice.o(.constdata)
    large_digits                             0x08004e1f   Data          17  kservice.o(.constdata)
    .constdata                               0x08004e30   Section      148  bigflt0.o(.constdata)
    tenpwrs_x                                0x08004e30   Data          60  bigflt0.o(.constdata)
    tenpwrs_i                                0x08004e6c   Data          64  bigflt0.o(.constdata)
    .rti_fn.0                                0x08004ec4   Section        4  components.o(.rti_fn.0)
    __tagsym$$used                           0x08004ec4   Number         0  components.o(.rti_fn.0)
    .rti_fn.0.end                            0x08004ec8   Section        4  components.o(.rti_fn.0.end)
    __tagsym$$used                           0x08004ec8   Number         0  components.o(.rti_fn.0.end)
    .rti_fn.1.end                            0x08004ecc   Section        4  components.o(.rti_fn.1.end)
    __tagsym$$used                           0x08004ecc   Number         0  components.o(.rti_fn.1.end)
    .rti_fn.6.end                            0x08004ed0   Section        4  components.o(.rti_fn.6.end)
    __tagsym$$used                           0x08004ed0   Number         0  components.o(.rti_fn.6.end)
    locale$$data                             0x08004ef4   Section       28  lc_numeric_c.o(locale$$data)
    __lcnum_c_name                           0x08004ef8   Data           2  lc_numeric_c.o(locale$$data)
    __lcnum_c_start                          0x08004f00   Data           0  lc_numeric_c.o(locale$$data)
    __lcnum_c_point                          0x08004f0c   Data           0  lc_numeric_c.o(locale$$data)
    __lcnum_c_thousands                      0x08004f0e   Data           0  lc_numeric_c.o(locale$$data)
    __lcnum_c_grouping                       0x08004f0f   Data           0  lc_numeric_c.o(locale$$data)
    __lcnum_c_end                            0x08004f10   Data           0  lc_numeric_c.o(locale$$data)
    .data                                    0x20000000   Section       12  main.o(.data)
    .data                                    0x2000000c   Section        8  thread_mw.o(.data)
    .data                                    0x20000014   Section       97  jy901.o(.data)
    ucRxCnt                                  0x20000074   Data           1  jy901.o(.data)
    .data                                    0x20000078   Section        4  usart3.o(.data)
    .data                                    0x2000007c   Section       20  stm32f10x_rcc.o(.data)
    APBAHBPrescTable                         0x2000007c   Data          16  stm32f10x_rcc.o(.data)
    ADCPrescTable                            0x2000008c   Data           4  stm32f10x_rcc.o(.data)
    .data                                    0x20000090   Section       20  system_stm32f10x.o(.data)
    .data                                    0x200000a4   Section       16  cpuport.o(.data)
    rt_exception_hook                        0x200000b0   Data           4  cpuport.o(.data)
    .data                                    0x200000b4   Section        4  clock.o(.data)
    rt_tick                                  0x200000b4   Data           4  clock.o(.data)
    .data                                    0x200000b8   Section        1  irq.o(.data)
    .data                                    0x200000bc   Section       24  mem.o(.data)
    heap_ptr                                 0x200000bc   Data           4  mem.o(.data)
    heap_end                                 0x200000c0   Data           4  mem.o(.data)
    lfree                                    0x200000c4   Data           4  mem.o(.data)
    mem_size_aligned                         0x200000c8   Data           4  mem.o(.data)
    used_mem                                 0x200000cc   Data           4  mem.o(.data)
    max_mem                                  0x200000d0   Data           4  mem.o(.data)
    .data                                    0x200000d4   Section       64  object.o(.data)
    rt_object_container                      0x200000d4   Data          64  object.o(.data)
    .data                                    0x20000114   Section       24  scheduler.o(.data)
    rt_scheduler_lock_nest                   0x20000114   Data           2  scheduler.o(.data)
    .data                                    0x2000012c   Section       12  timer.o(.data)
    rt_timer_list                            0x2000012c   Data           8  timer.o(.data)
    random_nr                                0x20000134   Data           4  timer.o(.data)
    .bss                                     0x20000138   Section       16  adc.o(.bss)
    .bss                                     0x20000148   Section       48  jy901.o(.bss)
    ucRxBuffer                               0x2000016c   Data          12  jy901.o(.bss)
    .bss                                     0x20000178   Section      376  idle.o(.bss)
    idle                                     0x20000178   Data         120  idle.o(.bss)
    rt_thread_stack                          0x200001f0   Data         256  idle.o(.bss)
    .bss                                     0x200002f0   Section      128  kservice.o(.bss)
    rt_log_buf                               0x200002f0   Data         128  kservice.o(.bss)
    .bss                                     0x20000370   Section       32  mem.o(.bss)
    heap_sem                                 0x20000370   Data          32  mem.o(.bss)
    .bss                                     0x20000390   Section       64  scheduler.o(.bss)
    .bss                                     0x200003d0   Section     4096  board.o(.bss)
    rt_heap                                  0x200003d0   Data        4096  board.o(.bss)
    .bss                                     0x200013d0   Section       96  libspace.o(.bss)
    HEAP                                     0x20001430   Section      512  startup_stm32f10x_md.o(HEAP)
    Heap_Mem                                 0x20001430   Data         512  startup_stm32f10x_md.o(HEAP)
    STACK                                    0x20001630   Section     1024  startup_stm32f10x_md.o(STACK)
    Stack_Mem                                0x20001630   Data        1024  startup_stm32f10x_md.o(STACK)
    __initial_sp                             0x20001a30   Data           0  startup_stm32f10x_md.o(STACK)

    Global Symbols

    Symbol Name                              Value     Ov Type        Size  Object(Section)

    BuildAttributes$$THM_ISAv4$P$D$K$B$S$PE$A:L22UL41UL21$X:L11$S22US41US21$IEEE1$IW$USESV6$~STKCKD$USESV7$~SHL$OTIME$ROPI$IEEEJ$EBA8$UX$STANDARDLIB$REQ8$PRES8$EABIv2 0x00000000   Number         0  anon$$obj.o ABSOLUTE
    __ARM_use_no_argv                        0x00000000   Number         0  main.o ABSOLUTE
    _printf_flags                            0x00000000   Number         0  printf_stubs.o ABSOLUTE
    _printf_return_value                     0x00000000   Number         0  printf_stubs.o ABSOLUTE
    _printf_sizespec                         0x00000000   Number         0  printf_stubs.o ABSOLUTE
    _printf_widthprec                        0x00000000   Number         0  printf_stubs.o ABSOLUTE
    __ARM_exceptions_init                     - Undefined Weak Reference
    __alloca_initialize                       - Undefined Weak Reference
    __arm_preinit_                            - Undefined Weak Reference
    __cpp_initialize__aeabi_                  - Undefined Weak Reference
    __cxa_finalize                            - Undefined Weak Reference
    __sigvec_lookup                           - Undefined Weak Reference
    _atexit_init                              - Undefined Weak Reference
    _call_atexit_fns                          - Undefined Weak Reference
    _clock_init                               - Undefined Weak Reference
    _fp_trap_init                             - Undefined Weak Reference
    _fp_trap_shutdown                         - Undefined Weak Reference
    _get_lc_collate                           - Undefined Weak Reference
    _get_lc_ctype                             - Undefined Weak Reference
    _get_lc_monetary                          - Undefined Weak Reference
    _get_lc_time                              - Undefined Weak Reference
    _getenv_init                              - Undefined Weak Reference
    _handle_redirection                       - Undefined Weak Reference
    _init_alloc                               - Undefined Weak Reference
    _init_user_alloc                          - Undefined Weak Reference
    _initio                                   - Undefined Weak Reference
    _mutex_acquire                            - Undefined Weak Reference
    _mutex_release                            - Undefined Weak Reference
    _printf_truncate_signed                   - Undefined Weak Reference
    _printf_truncate_unsigned                 - Undefined Weak Reference
    _rand_init                                - Undefined Weak Reference
    _signal_finish                            - Undefined Weak Reference
    _signal_init                              - Undefined Weak Reference
    _terminate_alloc                          - Undefined Weak Reference
    _terminate_user_alloc                     - Undefined Weak Reference
    _terminateio                              - Undefined Weak Reference
    __Vectors_Size                           0x000000ec   Number         0  startup_stm32f10x_md.o ABSOLUTE
    __Vectors                                0x08000000   Data           4  startup_stm32f10x_md.o(RESET)
    __Vectors_End                            0x080000ec   Data           0  startup_stm32f10x_md.o(RESET)
    __main                                   0x080000ed   Thumb Code     8  __main.o(!!!main)
    __scatterload                            0x080000f5   Thumb Code     0  __scatter.o(!!!scatter)
    __scatterload_rt2                        0x080000f5   Thumb Code    44  __scatter.o(!!!scatter)
    __scatterload_rt2_thumb_only             0x080000f5   Thumb Code     0  __scatter.o(!!!scatter)
    __scatterload_null                       0x08000103   Thumb Code     0  __scatter.o(!!!scatter)
    __decompress                             0x08000129   Thumb Code    90  __dczerorl2.o(!!dczerorl2)
    __decompress1                            0x08000129   Thumb Code     0  __dczerorl2.o(!!dczerorl2)
    __scatterload_zeroinit                   0x08000185   Thumb Code    28  __scatter_zi.o(!!handler_zi)
    _printf_f                                0x080001a1   Thumb Code     0  _printf_f.o(.ARM.Collect$$_printf_percent$$00000003)
    _printf_percent                          0x080001a1   Thumb Code     0  _printf_percent.o(.ARM.Collect$$_printf_percent$$00000000)
    _printf_d                                0x080001a7   Thumb Code     0  _printf_d.o(.ARM.Collect$$_printf_percent$$00000009)
    _printf_percent_end                      0x080001ad   Thumb Code     0  _printf_percent_end.o(.ARM.Collect$$_printf_percent$$00000017)
    __rt_lib_init                            0x080001b1   Thumb Code     0  libinit.o(.ARM.Collect$$libinit$$00000000)
    __rt_lib_init_fp_1                       0x080001b3   Thumb Code     0  libinit2.o(.ARM.Collect$$libinit$$00000002)
    __rt_lib_init_heap_1                     0x080001b3   Thumb Code     0  libinit2.o(.ARM.Collect$$libinit$$0000000A)
    __rt_lib_init_lc_common                  0x080001b3   Thumb Code     0  libinit2.o(.ARM.Collect$$libinit$$0000000F)
    __rt_lib_init_preinit_1                  0x080001b3   Thumb Code     0  libinit2.o(.ARM.Collect$$libinit$$00000004)
    __rt_lib_init_rand_1                     0x080001b3   Thumb Code     0  libinit2.o(.ARM.Collect$$libinit$$0000000E)
    __rt_lib_init_user_alloc_1               0x080001b3   Thumb Code     0  libinit2.o(.ARM.Collect$$libinit$$0000000C)
    __rt_lib_init_lc_collate_1               0x080001b9   Thumb Code     0  libinit2.o(.ARM.Collect$$libinit$$00000011)
    __rt_lib_init_lc_ctype_1                 0x080001b9   Thumb Code     0  libinit2.o(.ARM.Collect$$libinit$$00000013)
    __rt_lib_init_lc_monetary_1              0x080001b9   Thumb Code     0  libinit2.o(.ARM.Collect$$libinit$$00000015)
    __rt_lib_init_lc_numeric_2               0x080001b9   Thumb Code     0  libinit2.o(.ARM.Collect$$libinit$$00000016)
    __rt_lib_init_alloca_1                   0x080001c3   Thumb Code     0  libinit2.o(.ARM.Collect$$libinit$$0000002E)
    __rt_lib_init_argv_1                     0x080001c3   Thumb Code     0  libinit2.o(.ARM.Collect$$libinit$$0000002C)
    __rt_lib_init_atexit_1                   0x080001c3   Thumb Code     0  libinit2.o(.ARM.Collect$$libinit$$0000001B)
    __rt_lib_init_clock_1                    0x080001c3   Thumb Code     0  libinit2.o(.ARM.Collect$$libinit$$00000021)
    __rt_lib_init_cpp_1                      0x080001c3   Thumb Code     0  libinit2.o(.ARM.Collect$$libinit$$00000032)
    __rt_lib_init_exceptions_1               0x080001c3   Thumb Code     0  libinit2.o(.ARM.Collect$$libinit$$00000030)
    __rt_lib_init_fp_trap_1                  0x080001c3   Thumb Code     0  libinit2.o(.ARM.Collect$$libinit$$0000001F)
    __rt_lib_init_getenv_1                   0x080001c3   Thumb Code     0  libinit2.o(.ARM.Collect$$libinit$$00000023)
    __rt_lib_init_lc_numeric_1               0x080001c3   Thumb Code     0  libinit2.o(.ARM.Collect$$libinit$$00000017)
    __rt_lib_init_lc_time_1                  0x080001c3   Thumb Code     0  libinit2.o(.ARM.Collect$$libinit$$00000019)
    __rt_lib_init_return                     0x080001c3   Thumb Code     0  libinit2.o(.ARM.Collect$$libinit$$00000033)
    __rt_lib_init_signal_1                   0x080001c3   Thumb Code     0  libinit2.o(.ARM.Collect$$libinit$$0000001D)
    __rt_lib_init_stdio_1                    0x080001c3   Thumb Code     0  libinit2.o(.ARM.Collect$$libinit$$00000025)
    __rt_lib_shutdown                        0x080001c5   Thumb Code     0  libshutdown.o(.ARM.Collect$$libshutdown$$00000000)
    __rt_lib_shutdown_cpp_1                  0x080001c7   Thumb Code     0  libshutdown2.o(.ARM.Collect$$libshutdown$$00000002)
    __rt_lib_shutdown_fp_trap_1              0x080001c7   Thumb Code     0  libshutdown2.o(.ARM.Collect$$libshutdown$$00000007)
    __rt_lib_shutdown_heap_1                 0x080001c7   Thumb Code     0  libshutdown2.o(.ARM.Collect$$libshutdown$$0000000F)
    __rt_lib_shutdown_return                 0x080001c7   Thumb Code     0  libshutdown2.o(.ARM.Collect$$libshutdown$$00000010)
    __rt_lib_shutdown_signal_1               0x080001c7   Thumb Code     0  libshutdown2.o(.ARM.Collect$$libshutdown$$0000000A)
    __rt_lib_shutdown_stdio_1                0x080001c7   Thumb Code     0  libshutdown2.o(.ARM.Collect$$libshutdown$$00000004)
    __rt_lib_shutdown_user_alloc_1           0x080001c7   Thumb Code     0  libshutdown2.o(.ARM.Collect$$libshutdown$$0000000C)
    __rt_entry                               0x080001c9   Thumb Code     0  __rtentry.o(.ARM.Collect$$rtentry$$00000000)
    __rt_entry_presh_1                       0x080001c9   Thumb Code     0  __rtentry2.o(.ARM.Collect$$rtentry$$00000002)
    __rt_entry_sh                            0x080001c9   Thumb Code     0  __rtentry4.o(.ARM.Collect$$rtentry$$00000004)
    __rt_entry_li                            0x080001cf   Thumb Code     0  __rtentry2.o(.ARM.Collect$$rtentry$$0000000A)
    __rt_entry_postsh_1                      0x080001cf   Thumb Code     0  __rtentry2.o(.ARM.Collect$$rtentry$$00000009)
    __rt_entry_main                          0x080001d3   Thumb Code     0  __rtentry2.o(.ARM.Collect$$rtentry$$0000000D)
    __rt_entry_postli_1                      0x080001d3   Thumb Code     0  __rtentry2.o(.ARM.Collect$$rtentry$$0000000C)
    __rt_exit                                0x080001db   Thumb Code     0  rtexit.o(.ARM.Collect$$rtexit$$00000000)
    __rt_exit_ls                             0x080001dd   Thumb Code     0  rtexit2.o(.ARM.Collect$$rtexit$$00000003)
    __rt_exit_prels_1                        0x080001dd   Thumb Code     0  rtexit2.o(.ARM.Collect$$rtexit$$00000002)
    __rt_exit_exit                           0x080001e1   Thumb Code     0  rtexit2.o(.ARM.Collect$$rtexit$$00000004)
    Reset_Handler                            0x080001e9   Thumb Code     8  startup_stm32f10x_md.o(.text)
    NMI_Handler                              0x080001f1   Thumb Code     2  startup_stm32f10x_md.o(.text)
    MemManage_Handler                        0x080001f5   Thumb Code     2  startup_stm32f10x_md.o(.text)
    BusFault_Handler                         0x080001f7   Thumb Code     2  startup_stm32f10x_md.o(.text)
    UsageFault_Handler                       0x080001f9   Thumb Code     2  startup_stm32f10x_md.o(.text)
    SVC_Handler                              0x080001fb   Thumb Code     2  startup_stm32f10x_md.o(.text)
    DebugMon_Handler                         0x080001fd   Thumb Code     2  startup_stm32f10x_md.o(.text)
    ADC1_2_IRQHandler                        0x08000203   Thumb Code     0  startup_stm32f10x_md.o(.text)
    CAN1_RX1_IRQHandler                      0x08000203   Thumb Code     0  startup_stm32f10x_md.o(.text)
    CAN1_SCE_IRQHandler                      0x08000203   Thumb Code     0  startup_stm32f10x_md.o(.text)
    DMA1_Channel1_IRQHandler                 0x08000203   Thumb Code     0  startup_stm32f10x_md.o(.text)
    DMA1_Channel2_IRQHandler                 0x08000203   Thumb Code     0  startup_stm32f10x_md.o(.text)
    DMA1_Channel3_IRQHandler                 0x08000203   Thumb Code     0  startup_stm32f10x_md.o(.text)
    DMA1_Channel4_IRQHandler                 0x08000203   Thumb Code     0  startup_stm32f10x_md.o(.text)
    DMA1_Channel5_IRQHandler                 0x08000203   Thumb Code     0  startup_stm32f10x_md.o(.text)
    DMA1_Channel6_IRQHandler                 0x08000203   Thumb Code     0  startup_stm32f10x_md.o(.text)
    DMA1_Channel7_IRQHandler                 0x08000203   Thumb Code     0  startup_stm32f10x_md.o(.text)
    EXTI0_IRQHandler                         0x08000203   Thumb Code     0  startup_stm32f10x_md.o(.text)
    EXTI15_10_IRQHandler                     0x08000203   Thumb Code     0  startup_stm32f10x_md.o(.text)
    EXTI1_IRQHandler                         0x08000203   Thumb Code     0  startup_stm32f10x_md.o(.text)
    EXTI2_IRQHandler                         0x08000203   Thumb Code     0  startup_stm32f10x_md.o(.text)
    EXTI3_IRQHandler                         0x08000203   Thumb Code     0  startup_stm32f10x_md.o(.text)
    EXTI4_IRQHandler                         0x08000203   Thumb Code     0  startup_stm32f10x_md.o(.text)
    EXTI9_5_IRQHandler                       0x08000203   Thumb Code     0  startup_stm32f10x_md.o(.text)
    FLASH_IRQHandler                         0x08000203   Thumb Code     0  startup_stm32f10x_md.o(.text)
    I2C1_ER_IRQHandler                       0x08000203   Thumb Code     0  startup_stm32f10x_md.o(.text)
    I2C1_EV_IRQHandler                       0x08000203   Thumb Code     0  startup_stm32f10x_md.o(.text)
    I2C2_ER_IRQHandler                       0x08000203   Thumb Code     0  startup_stm32f10x_md.o(.text)
    I2C2_EV_IRQHandler                       0x08000203   Thumb Code     0  startup_stm32f10x_md.o(.text)
    PVD_IRQHandler                           0x08000203   Thumb Code     0  startup_stm32f10x_md.o(.text)
    RCC_IRQHandler                           0x08000203   Thumb Code     0  startup_stm32f10x_md.o(.text)
    RTCAlarm_IRQHandler                      0x08000203   Thumb Code     0  startup_stm32f10x_md.o(.text)
    RTC_IRQHandler                           0x08000203   Thumb Code     0  startup_stm32f10x_md.o(.text)
    SPI1_IRQHandler                          0x08000203   Thumb Code     0  startup_stm32f10x_md.o(.text)
    SPI2_IRQHandler                          0x08000203   Thumb Code     0  startup_stm32f10x_md.o(.text)
    TAMPER_IRQHandler                        0x08000203   Thumb Code     0  startup_stm32f10x_md.o(.text)
    TIM1_BRK_IRQHandler                      0x08000203   Thumb Code     0  startup_stm32f10x_md.o(.text)
    TIM1_CC_IRQHandler                       0x08000203   Thumb Code     0  startup_stm32f10x_md.o(.text)
    TIM1_TRG_COM_IRQHandler                  0x08000203   Thumb Code     0  startup_stm32f10x_md.o(.text)
    TIM1_UP_IRQHandler                       0x08000203   Thumb Code     0  startup_stm32f10x_md.o(.text)
    TIM2_IRQHandler                          0x08000203   Thumb Code     0  startup_stm32f10x_md.o(.text)
    TIM3_IRQHandler                          0x08000203   Thumb Code     0  startup_stm32f10x_md.o(.text)
    TIM4_IRQHandler                          0x08000203   Thumb Code     0  startup_stm32f10x_md.o(.text)
    USART1_IRQHandler                        0x08000203   Thumb Code     0  startup_stm32f10x_md.o(.text)
    USBWakeUp_IRQHandler                     0x08000203   Thumb Code     0  startup_stm32f10x_md.o(.text)
    USB_HP_CAN1_TX_IRQHandler                0x08000203   Thumb Code     0  startup_stm32f10x_md.o(.text)
    USB_LP_CAN1_RX0_IRQHandler               0x08000203   Thumb Code     0  startup_stm32f10x_md.o(.text)
    WWDG_IRQHandler                          0x08000203   Thumb Code     0  startup_stm32f10x_md.o(.text)
    __user_initial_stackheap                 0x08000205   Thumb Code     0  startup_stm32f10x_md.o(.text)
    rt_hw_interrupt_disable                  0x08000229   Thumb Code     8  context_rvds.o(.text)
    rt_hw_interrupt_enable                   0x08000231   Thumb Code     6  context_rvds.o(.text)
    rt_hw_context_switch                     0x08000237   Thumb Code    32  context_rvds.o(.text)
    rt_hw_context_switch_interrupt           0x08000237   Thumb Code     0  context_rvds.o(.text)
    PendSV_Handler                           0x08000257   Thumb Code    60  context_rvds.o(.text)
    rt_hw_context_switch_to                  0x08000293   Thumb Code    58  context_rvds.o(.text)
    rt_hw_interrupt_thread_switch            0x080002cd   Thumb Code     2  context_rvds.o(.text)
    HardFault_Handler                        0x080002cf   Thumb Code    52  context_rvds.o(.text)
    __use_no_semihosting                     0x0800031d   Thumb Code     2  use_no_semi_2.o(.text)
    __2printf                                0x08000321   Thumb Code    20  noretval__2printf.o(.text)
    _printf_pre_padding                      0x08000339   Thumb Code    44  _printf_pad.o(.text)
    _printf_post_padding                     0x08000365   Thumb Code    34  _printf_pad.o(.text)
    _printf_int_dec                          0x08000389   Thumb Code   104  _printf_dec.o(.text)
    __printf                                 0x08000401   Thumb Code   270  __printf_wp.o(.text)
    __use_two_region_memory                  0x0800050f   Thumb Code     2  heapauxi.o(.text)
    __rt_heap_escrow$2region                 0x08000511   Thumb Code     2  heapauxi.o(.text)
    __rt_heap_expand$2region                 0x08000513   Thumb Code     2  heapauxi.o(.text)
    __I$use$semihosting                      0x08000515   Thumb Code     0  use_no_semi.o(.text)
    __use_no_semihosting_swi                 0x08000515   Thumb Code     2  use_no_semi.o(.text)
    _printf_int_common                       0x08000517   Thumb Code   178  _printf_intcommon.o(.text)
    __lib_sel_fp_printf                      0x080005c9   Thumb Code     2  _printf_fp_dec.o(.text)
    _printf_fp_dec_real                      0x0800077b   Thumb Code   620  _printf_fp_dec.o(.text)
    _printf_char_file                        0x080009e9   Thumb Code    32  _printf_char_file.o(.text)
    __rt_locale                              0x08000a0d   Thumb Code     8  rt_locale_intlibspace.o(.text)
    _ll_udiv10                               0x08000a15   Thumb Code   138  lludiv10.o(.text)
    _printf_char_common                      0x08000aab   Thumb Code    32  _printf_char_common.o(.text)
    _printf_fp_infnan                        0x08000ad1   Thumb Code   112  _printf_fp_infnan.o(.text)
    _btod_etento                             0x08000b51   Thumb Code   224  bigflt0.o(.text)
    ferror                                   0x08000c35   Thumb Code     8  ferror.o(.text)
    __user_libspace                          0x08000c3d   Thumb Code     8  libspace.o(.text)
    __user_perproc_libspace                  0x08000c3d   Thumb Code     0  libspace.o(.text)
    __user_perthread_libspace                0x08000c3d   Thumb Code     0  libspace.o(.text)
    __user_setup_stackheap                   0x08000c45   Thumb Code    74  sys_stackheap_outer.o(.text)
    exit                                     0x08000c8f   Thumb Code    18  exit.o(.text)
    strcmp                                   0x08000ca1   Thumb Code   128  strcmpv7m.o(.text)
    _btod_d2e                                0x08000d21   Thumb Code    62  btod.o(CL$$btod_d2e)
    _d2e_denorm_low                          0x08000d5f   Thumb Code    70  btod.o(CL$$btod_d2e_denorm_low)
    _d2e_norm_op1                            0x08000da5   Thumb Code    96  btod.o(CL$$btod_d2e_norm_op1)
    __btod_div_common                        0x08000e05   Thumb Code   696  btod.o(CL$$btod_div_common)
    _e2e                                     0x0800113d   Thumb Code   220  btod.o(CL$$btod_e2e)
    _btod_ediv                               0x08001219   Thumb Code    42  btod.o(CL$$btod_ediv)
    _btod_emul                               0x08001243   Thumb Code    42  btod.o(CL$$btod_emul)
    __btod_mult_common                       0x0800126d   Thumb Code   580  btod.o(CL$$btod_mult_common)
    main                                     0x080014b1   Thumb Code    14  components.o(i.$Sub$$main)
    Adc_Init                                 0x080014c1   Thumb Code   296  adc.o(i.Adc_Init)
    CharToLong                               0x08001605   Thumb Code    18  jy901.o(i.CharToLong)
    CopeSerialData                           0x08001619   Thumb Code   874  jy901.o(i.CopeSerialData)
    GPIO_Init                                0x080019cd   Thumb Code   278  stm32f10x_gpio.o(i.GPIO_Init)
    Get_Adc                                  0x08001ae5   Thumb Code    64  adc.o(i.Get_Adc)
    NVIC_Init                                0x08001b29   Thumb Code   100  misc.o(i.NVIC_Init)
    RCC_APB2PeriphClockCmd                   0x08001b99   Thumb Code    26  stm32f10x_rcc.o(i.RCC_APB2PeriphClockCmd)
    RCC_GetClocksFreq                        0x08001bb9   Thumb Code   192  stm32f10x_rcc.o(i.RCC_GetClocksFreq)
    SysTick_Handler                          0x08001d75   Thumb Code    16  board.o(i.SysTick_Handler)
    SystemCoreClockUpdate                    0x08001d85   Thumb Code   142  system_stm32f10x.o(i.SystemCoreClockUpdate)
    SystemInit                               0x08001e29   Thumb Code    78  system_stm32f10x.o(i.SystemInit)
    USART2_IRQHandler                        0x08001e89   Thumb Code    36  usart2.o(i.USART2_IRQHandler)
    USART3_IRQHandler                        0x08001eb1   Thumb Code    36  usart3.o(i.USART3_IRQHandler)
    USART_Cmd                                0x08001ed9   Thumb Code    24  stm32f10x_usart.o(i.USART_Cmd)
    USART_GetFlagStatus                      0x08001ef1   Thumb Code    26  stm32f10x_usart.o(i.USART_GetFlagStatus)
    USART_ITConfig                           0x08001f0b   Thumb Code    74  stm32f10x_usart.o(i.USART_ITConfig)
    USART_Init                               0x08001f55   Thumb Code   210  stm32f10x_usart.o(i.USART_Init)
    USART_SendData                           0x0800202d   Thumb Code     8  stm32f10x_usart.o(i.USART_SendData)
    __ARM_fpclassify                         0x08002065   Thumb Code    40  fpclassify.o(i.__ARM_fpclassify)
    __rt_ffs                                 0x0800208d   Thumb Code    70  kservice.o(i.__rt_ffs)
    _is_digit                                0x080020ed   Thumb Code    14  __printf_wp.o(i._is_digit)
    _sys_exit                                0x080021f1   Thumb Code     8  usart3.o(i._sys_exit)
    fputc                                    0x080021f9   Thumb Code    24  usart3.o(i.fputc)
    get_adc                                  0x08002215   Thumb Code   102  thread_mw.o(i.get_adc)
    $Super$$main                             0x08002285   Thumb Code   118  main.o(i.main)
    main_thread_entry                        0x08002381   Thumb Code    14  components.o(i.main_thread_entry)
    rt_application_init                      0x08002595   Thumb Code    32  components.o(i.rt_application_init)
    rt_components_board_init                 0x080025c1   Thumb Code    20  components.o(i.rt_components_board_init)
    rt_components_init                       0x080025dd   Thumb Code    20  components.o(i.rt_components_init)
    rt_enter_critical                        0x080025f9   Thumb Code    28  scheduler.o(i.rt_enter_critical)
    rt_exit_critical                         0x08002619   Thumb Code    54  scheduler.o(i.rt_exit_critical)
    rt_free                                  0x08002655   Thumb Code   128  mem.o(i.rt_free)
    rt_heap_begin_get                        0x08002735   Thumb Code     4  board.o(i.rt_heap_begin_get)
    rt_heap_end_get                          0x0800273d   Thumb Code     4  board.o(i.rt_heap_end_get)
    rt_hw_board_init                         0x08002745   Thumb Code    76  board.o(i.rt_hw_board_init)
    rt_hw_console_output                     0x08002795   Thumb Code    46  board.o(i.rt_hw_console_output)
    rt_hw_hard_fault_exception               0x080027c9   Thumb Code   190  cpuport.o(i.rt_hw_hard_fault_exception)
    rt_hw_stack_init                         0x080029c9   Thumb Code    70  cpuport.o(i.rt_hw_stack_init)
    rt_interrupt_enter                       0x08002a15   Thumb Code    26  irq.o(i.rt_interrupt_enter)
    rt_interrupt_leave                       0x08002a35   Thumb Code    26  irq.o(i.rt_interrupt_leave)
    rt_kprintf                               0x08002ae5   Thumb Code    44  kservice.o(i.rt_kprintf)
    rt_malloc                                0x08002ba5   Thumb Code   336  mem.o(i.rt_malloc)
    rt_memset                                0x08002d11   Thumb Code    72  kservice.o(i.rt_memset)
    rt_object_allocate                       0x08002d59   Thumb Code    84  object.o(i.rt_object_allocate)
    rt_object_delete                         0x08002dad   Thumb Code    36  object.o(i.rt_object_delete)
    rt_object_detach                         0x08002dd1   Thumb Code    30  object.o(i.rt_object_detach)
    rt_object_get_information                0x08002df1   Thumb Code    36  object.o(i.rt_object_get_information)
    rt_object_init                           0x08002e19   Thumb Code    60  object.o(i.rt_object_init)
    rt_object_is_systemobject                0x08002e55   Thumb Code    18  object.o(i.rt_object_is_systemobject)
    rt_schedule                              0x08002e69   Thumb Code   118  scheduler.o(i.rt_schedule)
    rt_schedule_insert_thread                0x08002ef9   Thumb Code    72  scheduler.o(i.rt_schedule_insert_thread)
    rt_schedule_remove_thread                0x08002f49   Thumb Code    76  scheduler.o(i.rt_schedule_remove_thread)
    rt_sem_init                              0x08002f9d   Thumb Code    38  ipc.o(i.rt_sem_init)
    rt_sem_release                           0x08002fc3   Thumb Code    58  ipc.o(i.rt_sem_release)
    rt_sem_take                              0x08002ffd   Thumb Code   116  ipc.o(i.rt_sem_take)
    rt_show_version                          0x08003071   Thumb Code    38  kservice.o(i.rt_show_version)
    rt_strlen                                0x08003121   Thumb Code    18  kservice.o(i.rt_strlen)
    rt_strncpy                               0x08003133   Thumb Code    52  kservice.o(i.rt_strncpy)
    rt_system_heap_init                      0x08003169   Thumb Code   160  mem.o(i.rt_system_heap_init)
    rt_system_scheduler_init                 0x08003261   Thumb Code    52  scheduler.o(i.rt_system_scheduler_init)
    rt_system_scheduler_start                0x080032ad   Thumb Code    36  scheduler.o(i.rt_system_scheduler_start)
    rt_system_timer_init                     0x080032dd   Thumb Code    24  timer.o(i.rt_system_timer_init)
    rt_system_timer_thread_init              0x080032f9   Thumb Code     2  timer.o(i.rt_system_timer_thread_init)
    rt_thread_create                         0x080032fb   Thumb Code    80  thread.o(i.rt_thread_create)
    rt_thread_delay                          0x0800334b   Thumb Code    12  thread.o(i.rt_thread_delay)
    rt_thread_exit                           0x08003359   Thumb Code    76  thread.o(i.rt_thread_exit)
    rt_thread_idle_excute                    0x080033b5   Thumb Code   128  idle.o(i.rt_thread_idle_excute)
    rt_thread_idle_init                      0x08003439   Thumb Code    38  idle.o(i.rt_thread_idle_init)
    rt_thread_init                           0x08003475   Thumb Code    52  thread.o(i.rt_thread_init)
    rt_thread_resume                         0x080034a9   Thumb Code    60  thread.o(i.rt_thread_resume)
    rt_thread_self                           0x080034e5   Thumb Code     6  thread.o(i.rt_thread_self)
    rt_thread_sleep                          0x080034f1   Thumb Code    62  thread.o(i.rt_thread_sleep)
    rt_thread_startup                        0x08003535   Thumb Code    44  thread.o(i.rt_thread_startup)
    rt_thread_suspend                        0x08003561   Thumb Code    68  thread.o(i.rt_thread_suspend)
    rt_thread_timeout                        0x080035a5   Thumb Code    32  thread.o(i.rt_thread_timeout)
    rt_thread_yield                          0x080035c5   Thumb Code    92  thread.o(i.rt_thread_yield)
    rt_tick_get                              0x08003629   Thumb Code     6  clock.o(i.rt_tick_get)
    rt_tick_increase                         0x08003635   Thumb Code    42  clock.o(i.rt_tick_increase)
    rt_timer_check                           0x08003665   Thumb Code   118  timer.o(i.rt_timer_check)
    rt_timer_control                         0x080036e1   Thumb Code    56  timer.o(i.rt_timer_control)
    rt_timer_detach                          0x08003719   Thumb Code    32  timer.o(i.rt_timer_detach)
    rt_timer_init                            0x08003739   Thumb Code    46  timer.o(i.rt_timer_init)
    rt_timer_start                           0x08003769   Thumb Code   238  timer.o(i.rt_timer_start)
    rt_timer_stop                            0x08003861   Thumb Code    48  timer.o(i.rt_timer_stop)
    rt_vsnprintf                             0x08003891   Thumb Code   800  kservice.o(i.rt_vsnprintf)
    rtthread_startup                         0x08003bc9   Thumb Code    42  components.o(i.rtthread_startup)
    send_data                                0x08003bf5   Thumb Code    70  thread_mw.o(i.send_data)
    send_data_f                              0x08003c4d   Thumb Code    58  thread_mw.o(i.send_data_f)
    send_data_f2                             0x08003ca9   Thumb Code   276  thread_mw.o(i.send_data_f2)
    time_thread                              0x08003e61   Thumb Code   164  thread_mw.o(i.time_thread)
    uart_init                                0x08003f75   Thumb Code   152  board.o(i.uart_init)
    usart2_init                              0x08004015   Thumb Code   392  usart2.o(i.usart2_init)
    usart3_init                              0x080041b5   Thumb Code   394  usart3.o(i.usart3_init)
    _get_lc_numeric                          0x08004359   Thumb Code    44  lc_numeric_c.o(locale$$code)
    __aeabi_ddiv                             0x08004385   Thumb Code     0  ddiv.o(x$fpl$ddiv)
    _ddiv                                    0x08004385   Thumb Code   552  ddiv.o(x$fpl$ddiv)
    __aeabi_ui2d                             0x08004635   Thumb Code     0  dflt_clz.o(x$fpl$dfltu)
    _dfltu                                   0x08004635   Thumb Code    38  dflt_clz.o(x$fpl$dfltu)
    __fpl_dnaninf                            0x0800465b   Thumb Code   156  dnaninf.o(x$fpl$dnaninf)
    __fpl_dretinf                            0x080046f7   Thumb Code    12  dretinf.o(x$fpl$dretinf)
    __aeabi_f2d                              0x08004705   Thumb Code     0  f2d.o(x$fpl$f2d)
    _f2d                                     0x08004705   Thumb Code    86  f2d.o(x$fpl$f2d)
    __aeabi_fadd                             0x0800475d   Thumb Code     0  faddsub_clz.o(x$fpl$fadd)
    _fadd                                    0x0800475d   Thumb Code   196  faddsub_clz.o(x$fpl$fadd)
    __aeabi_fdiv                             0x08004821   Thumb Code     0  fdiv.o(x$fpl$fdiv)
    _fdiv                                    0x08004821   Thumb Code   384  fdiv.o(x$fpl$fdiv)
    __aeabi_f2iz                             0x080049a5   Thumb Code     0  ffix.o(x$fpl$ffix)
    _ffix                                    0x080049a5   Thumb Code    54  ffix.o(x$fpl$ffix)
    __aeabi_f2uiz                            0x080049dd   Thumb Code     0  ffixu.o(x$fpl$ffixu)
    _ffixu                                   0x080049dd   Thumb Code    62  ffixu.o(x$fpl$ffixu)
    __aeabi_i2f                              0x08004a1d   Thumb Code     0  fflt_clz.o(x$fpl$fflt)
    _fflt                                    0x08004a1d   Thumb Code    48  fflt_clz.o(x$fpl$fflt)
    __aeabi_ui2f                             0x08004a4d   Thumb Code     0  fflt_clz.o(x$fpl$ffltu)
    _ffltu                                   0x08004a4d   Thumb Code    38  fflt_clz.o(x$fpl$ffltu)
    __aeabi_fmul                             0x08004a75   Thumb Code     0  fmul.o(x$fpl$fmul)
    _fmul                                    0x08004a75   Thumb Code   258  fmul.o(x$fpl$fmul)
    __fpl_fnaninf                            0x08004b77   Thumb Code   140  fnaninf.o(x$fpl$fnaninf)
    __fpl_fretinf                            0x08004c03   Thumb Code    10  fretinf.o(x$fpl$fretinf)
    __aeabi_frsub                            0x08004c0d   Thumb Code     0  faddsub_clz.o(x$fpl$frsb)
    _frsb                                    0x08004c0d   Thumb Code    20  faddsub_clz.o(x$fpl$frsb)
    __aeabi_fsub                             0x08004c21   Thumb Code     0  faddsub_clz.o(x$fpl$fsub)
    _fsub                                    0x08004c21   Thumb Code   234  faddsub_clz.o(x$fpl$fsub)
    _printf_fp_dec                           0x08004d0b   Thumb Code     4  printf1.o(x$fpl$printf1)
    __I$use$fp                               0x08004d0e   Number         0  usenofp.o(x$fpl$usenofp)
    __lowest_bit_bitmap                      0x08004d0e   Data         256  kservice.o(.constdata)
    __rt_init_rti_start                      0x08004ec4   Data           4  components.o(.rti_fn.0)
    __rt_init_rti_board_start                0x08004ec8   Data           4  components.o(.rti_fn.0.end)
    __rt_init_rti_board_end                  0x08004ecc   Data           4  components.o(.rti_fn.1.end)
    __rt_init_rti_end                        0x08004ed0   Data           4  components.o(.rti_fn.6.end)
    Region$$Table$$Base                      0x08004ed4   Number         0  anon$$obj.o(Region$$Table)
    Region$$Table$$Limit                     0x08004ef4   Number         0  anon$$obj.o(Region$$Table)
    tid1                                     0x20000000   Data           4  main.o(.data)
    tid2                                     0x20000004   Data           4  main.o(.data)
    tid_time                                 0x20000008   Data           4  main.o(.data)
    time_x                                   0x2000000c   Data           2  thread_mw.o(.data)
    time_xx                                  0x2000000e   Data           2  thread_mw.o(.data)
    time_xxx                                 0x20000010   Data           2  thread_mw.o(.data)
    time_xxxx                                0x20000012   Data           2  thread_mw.o(.data)
    stcTime                                  0x20000014   Data           8  jy901.o(.data)
    stcAcc                                   0x2000001c   Data           8  jy901.o(.data)
    stcGyro                                  0x20000024   Data           8  jy901.o(.data)
    stcAngle                                 0x2000002c   Data           8  jy901.o(.data)
    stcMag                                   0x20000034   Data           8  jy901.o(.data)
    stcDStatus                               0x2000003c   Data           8  jy901.o(.data)
    stcPress                                 0x20000044   Data           8  jy901.o(.data)
    stcLonLat                                0x2000004c   Data           8  jy901.o(.data)
    stcGPSV                                  0x20000054   Data           8  jy901.o(.data)
    x_a                                      0x2000005c   Data           4  jy901.o(.data)
    y_a                                      0x20000060   Data           4  jy901.o(.data)
    z_a                                      0x20000064   Data           4  jy901.o(.data)
    temp1                                    0x20000068   Data           4  jy901.o(.data)
    temp2                                    0x2000006c   Data           4  jy901.o(.data)
    temp3                                    0x20000070   Data           4  jy901.o(.data)
    __stdout                                 0x20000078   Data           4  usart3.o(.data)
    SystemCoreClock                          0x20000090   Data           4  system_stm32f10x.o(.data)
    AHBPrescTable                            0x20000094   Data          16  system_stm32f10x.o(.data)
    rt_interrupt_from_thread                 0x200000a4   Data           4  cpuport.o(.data)
    rt_interrupt_to_thread                   0x200000a8   Data           4  cpuport.o(.data)
    rt_thread_switch_interrupt_flag          0x200000ac   Data           4  cpuport.o(.data)
    rt_interrupt_nest                        0x200000b8   Data           1  irq.o(.data)
    rt_current_thread                        0x20000118   Data           4  scheduler.o(.data)
    rt_current_priority                      0x2000011c   Data           1  scheduler.o(.data)
    rt_thread_ready_priority_group           0x20000120   Data           4  scheduler.o(.data)
    rt_thread_defunct                        0x20000124   Data           8  scheduler.o(.data)
    Analog_v                                 0x20000138   Data          16  adc.o(.bss)
    d                                        0x20000148   Data          36  jy901.o(.bss)
    rt_thread_priority_table                 0x20000390   Data          64  scheduler.o(.bss)
    __libspace_start                         0x200013d0   Data          96  libspace.o(.bss)
    __temporary_stack_top$libspace           0x20001430   Data           0  libspace.o(.bss)



==============================================================================

Memory Map of the image

  Image Entry point : 0x080000ed

  Load Region LR_IROM1 (Base: 0x08000000, Size: 0x00005048, Max: 0x00010000, ABSOLUTE, COMPRESSED[0x00004f60])

    Execution Region ER_IROM1 (Exec base: 0x08000000, Load base: 0x08000000, Size: 0x00004f10, Max: 0x00010000, ABSOLUTE)

    Exec Addr    Load Addr    Size         Type   Attr      Idx    E Section Name        Object

    0x08000000   0x08000000   0x000000ec   Data   RO         1002    RESET               startup_stm32f10x_md.o
    0x080000ec   0x080000ec   0x00000008   Code   RO         2115  * !!!main             c_w.l(__main.o)
    0x080000f4   0x080000f4   0x00000034   Code   RO         2379    !!!scatter          c_w.l(__scatter.o)
    0x08000128   0x08000128   0x0000005a   Code   RO         2377    !!dczerorl2         c_w.l(__dczerorl2.o)
    0x08000182   0x08000182   0x00000002   PAD
    0x08000184   0x08000184   0x0000001c   Code   RO         2381    !!handler_zi        c_w.l(__scatter_zi.o)
    0x080001a0   0x080001a0   0x00000000   Code   RO         2112    .ARM.Collect$$_printf_percent$$00000000  c_w.l(_printf_percent.o)
    0x080001a0   0x080001a0   0x00000006   Code   RO         2111    .ARM.Collect$$_printf_percent$$00000003  c_w.l(_printf_f.o)
    0x080001a6   0x080001a6   0x00000006   Code   RO         2110    .ARM.Collect$$_printf_percent$$00000009  c_w.l(_printf_d.o)
    0x080001ac   0x080001ac   0x00000004   Code   RO         2166    .ARM.Collect$$_printf_percent$$00000017  c_w.l(_printf_percent_end.o)
    0x080001b0   0x080001b0   0x00000002   Code   RO         2254    .ARM.Collect$$libinit$$00000000  c_w.l(libinit.o)
    0x080001b2   0x080001b2   0x00000000   Code   RO         2256    .ARM.Collect$$libinit$$00000002  c_w.l(libinit2.o)
    0x080001b2   0x080001b2   0x00000000   Code   RO         2258    .ARM.Collect$$libinit$$00000004  c_w.l(libinit2.o)
    0x080001b2   0x080001b2   0x00000000   Code   RO         2261    .ARM.Collect$$libinit$$0000000A  c_w.l(libinit2.o)
    0x080001b2   0x080001b2   0x00000000   Code   RO         2263    .ARM.Collect$$libinit$$0000000C  c_w.l(libinit2.o)
    0x080001b2   0x080001b2   0x00000000   Code   RO         2265    .ARM.Collect$$libinit$$0000000E  c_w.l(libinit2.o)
    0x080001b2   0x080001b2   0x00000006   Code   RO         2266    .ARM.Collect$$libinit$$0000000F  c_w.l(libinit2.o)
    0x080001b8   0x080001b8   0x00000000   Code   RO         2268    .ARM.Collect$$libinit$$00000011  c_w.l(libinit2.o)
    0x080001b8   0x080001b8   0x00000000   Code   RO         2270    .ARM.Collect$$libinit$$00000013  c_w.l(libinit2.o)
    0x080001b8   0x080001b8   0x00000000   Code   RO         2272    .ARM.Collect$$libinit$$00000015  c_w.l(libinit2.o)
    0x080001b8   0x080001b8   0x0000000a   Code   RO         2273    .ARM.Collect$$libinit$$00000016  c_w.l(libinit2.o)
    0x080001c2   0x080001c2   0x00000000   Code   RO         2274    .ARM.Collect$$libinit$$00000017  c_w.l(libinit2.o)
    0x080001c2   0x080001c2   0x00000000   Code   RO         2276    .ARM.Collect$$libinit$$00000019  c_w.l(libinit2.o)
    0x080001c2   0x080001c2   0x00000000   Code   RO         2278    .ARM.Collect$$libinit$$0000001B  c_w.l(libinit2.o)
    0x080001c2   0x080001c2   0x00000000   Code   RO         2280    .ARM.Collect$$libinit$$0000001D  c_w.l(libinit2.o)
    0x080001c2   0x080001c2   0x00000000   Code   RO         2282    .ARM.Collect$$libinit$$0000001F  c_w.l(libinit2.o)
    0x080001c2   0x080001c2   0x00000000   Code   RO         2284    .ARM.Collect$$libinit$$00000021  c_w.l(libinit2.o)
    0x080001c2   0x080001c2   0x00000000   Code   RO         2286    .ARM.Collect$$libinit$$00000023  c_w.l(libinit2.o)
    0x080001c2   0x080001c2   0x00000000   Code   RO         2288    .ARM.Collect$$libinit$$00000025  c_w.l(libinit2.o)
    0x080001c2   0x080001c2   0x00000000   Code   RO         2292    .ARM.Collect$$libinit$$0000002C  c_w.l(libinit2.o)
    0x080001c2   0x080001c2   0x00000000   Code   RO         2294    .ARM.Collect$$libinit$$0000002E  c_w.l(libinit2.o)
    0x080001c2   0x080001c2   0x00000000   Code   RO         2296    .ARM.Collect$$libinit$$00000030  c_w.l(libinit2.o)
    0x080001c2   0x080001c2   0x00000000   Code   RO         2298    .ARM.Collect$$libinit$$00000032  c_w.l(libinit2.o)
    0x080001c2   0x080001c2   0x00000002   Code   RO         2299    .ARM.Collect$$libinit$$00000033  c_w.l(libinit2.o)
    0x080001c4   0x080001c4   0x00000002   Code   RO         2327    .ARM.Collect$$libshutdown$$00000000  c_w.l(libshutdown.o)
    0x080001c6   0x080001c6   0x00000000   Code   RO         2336    .ARM.Collect$$libshutdown$$00000002  c_w.l(libshutdown2.o)
    0x080001c6   0x080001c6   0x00000000   Code   RO         2338    .ARM.Collect$$libshutdown$$00000004  c_w.l(libshutdown2.o)
    0x080001c6   0x080001c6   0x00000000   Code   RO         2341    .ARM.Collect$$libshutdown$$00000007  c_w.l(libshutdown2.o)
    0x080001c6   0x080001c6   0x00000000   Code   RO         2344    .ARM.Collect$$libshutdown$$0000000A  c_w.l(libshutdown2.o)
    0x080001c6   0x080001c6   0x00000000   Code   RO         2346    .ARM.Collect$$libshutdown$$0000000C  c_w.l(libshutdown2.o)
    0x080001c6   0x080001c6   0x00000000   Code   RO         2349    .ARM.Collect$$libshutdown$$0000000F  c_w.l(libshutdown2.o)
    0x080001c6   0x080001c6   0x00000002   Code   RO         2350    .ARM.Collect$$libshutdown$$00000010  c_w.l(libshutdown2.o)
    0x080001c8   0x080001c8   0x00000000   Code   RO         2159    .ARM.Collect$$rtentry$$00000000  c_w.l(__rtentry.o)
    0x080001c8   0x080001c8   0x00000000   Code   RO         2177    .ARM.Collect$$rtentry$$00000002  c_w.l(__rtentry2.o)
    0x080001c8   0x080001c8   0x00000006   Code   RO         2189    .ARM.Collect$$rtentry$$00000004  c_w.l(__rtentry4.o)
    0x080001ce   0x080001ce   0x00000000   Code   RO         2179    .ARM.Collect$$rtentry$$00000009  c_w.l(__rtentry2.o)
    0x080001ce   0x080001ce   0x00000004   Code   RO         2180    .ARM.Collect$$rtentry$$0000000A  c_w.l(__rtentry2.o)
    0x080001d2   0x080001d2   0x00000000   Code   RO         2182    .ARM.Collect$$rtentry$$0000000C  c_w.l(__rtentry2.o)
    0x080001d2   0x080001d2   0x00000008   Code   RO         2183    .ARM.Collect$$rtentry$$0000000D  c_w.l(__rtentry2.o)
    0x080001da   0x080001da   0x00000002   Code   RO         2300    .ARM.Collect$$rtexit$$00000000  c_w.l(rtexit.o)
    0x080001dc   0x080001dc   0x00000000   Code   RO         2307    .ARM.Collect$$rtexit$$00000002  c_w.l(rtexit2.o)
    0x080001dc   0x080001dc   0x00000004   Code   RO         2308    .ARM.Collect$$rtexit$$00000003  c_w.l(rtexit2.o)
    0x080001e0   0x080001e0   0x00000006   Code   RO         2309    .ARM.Collect$$rtexit$$00000004  c_w.l(rtexit2.o)
    0x080001e6   0x080001e6   0x00000002   PAD
    0x080001e8   0x080001e8   0x00000040   Code   RO         1003    .text               startup_stm32f10x_md.o
    0x08000228   0x08000228   0x000000f4   Code   RO         1053    .text               context_rvds.o
    0x0800031c   0x0800031c   0x00000002   Code   RO         2078    .text               c_w.l(use_no_semi_2.o)
    0x0800031e   0x0800031e   0x00000002   PAD
    0x08000320   0x08000320   0x00000018   Code   RO         2082    .text               c_w.l(noretval__2printf.o)
    0x08000338   0x08000338   0x0000004e   Code   RO         2086    .text               c_w.l(_printf_pad.o)
    0x08000386   0x08000386   0x00000002   PAD
    0x08000388   0x08000388   0x00000078   Code   RO         2088    .text               c_w.l(_printf_dec.o)
    0x08000400   0x08000400   0x0000010e   Code   RO         2098    .text               c_w.l(__printf_wp.o)
    0x0800050e   0x0800050e   0x00000006   Code   RO         2113    .text               c_w.l(heapauxi.o)
    0x08000514   0x08000514   0x00000002   Code   RO         2157    .text               c_w.l(use_no_semi.o)
    0x08000516   0x08000516   0x000000b2   Code   RO         2160    .text               c_w.l(_printf_intcommon.o)
    0x080005c8   0x080005c8   0x0000041e   Code   RO         2162    .text               c_w.l(_printf_fp_dec.o)
    0x080009e6   0x080009e6   0x00000002   PAD
    0x080009e8   0x080009e8   0x00000024   Code   RO         2164    .text               c_w.l(_printf_char_file.o)
    0x08000a0c   0x08000a0c   0x00000008   Code   RO         2194    .text               c_w.l(rt_locale_intlibspace.o)
    0x08000a14   0x08000a14   0x0000008a   Code   RO         2196    .text               c_w.l(lludiv10.o)
    0x08000a9e   0x08000a9e   0x00000002   PAD
    0x08000aa0   0x08000aa0   0x00000030   Code   RO         2198    .text               c_w.l(_printf_char_common.o)
    0x08000ad0   0x08000ad0   0x00000080   Code   RO         2200    .text               c_w.l(_printf_fp_infnan.o)
    0x08000b50   0x08000b50   0x000000e4   Code   RO         2202    .text               c_w.l(bigflt0.o)
    0x08000c34   0x08000c34   0x00000008   Code   RO         2227    .text               c_w.l(ferror.o)
    0x08000c3c   0x08000c3c   0x00000008   Code   RO         2238    .text               c_w.l(libspace.o)
    0x08000c44   0x08000c44   0x0000004a   Code   RO         2241    .text               c_w.l(sys_stackheap_outer.o)
    0x08000c8e   0x08000c8e   0x00000012   Code   RO         2245    .text               c_w.l(exit.o)
    0x08000ca0   0x08000ca0   0x00000080   Code   RO         2247    .text               c_w.l(strcmpv7m.o)
    0x08000d20   0x08000d20   0x0000003e   Code   RO         2205    CL$$btod_d2e        c_w.l(btod.o)
    0x08000d5e   0x08000d5e   0x00000046   Code   RO         2207    CL$$btod_d2e_denorm_low  c_w.l(btod.o)
    0x08000da4   0x08000da4   0x00000060   Code   RO         2206    CL$$btod_d2e_norm_op1  c_w.l(btod.o)
    0x08000e04   0x08000e04   0x00000338   Code   RO         2215    CL$$btod_div_common  c_w.l(btod.o)
    0x0800113c   0x0800113c   0x000000dc   Code   RO         2212    CL$$btod_e2e        c_w.l(btod.o)
    0x08001218   0x08001218   0x0000002a   Code   RO         2209    CL$$btod_ediv       c_w.l(btod.o)
    0x08001242   0x08001242   0x0000002a   Code   RO         2208    CL$$btod_emul       c_w.l(btod.o)
    0x0800126c   0x0800126c   0x00000244   Code   RO         2214    CL$$btod_mult_common  c_w.l(btod.o)
    0x080014b0   0x080014b0   0x0000000e   Code   RO         1137    i.$Sub$$main        components.o
    0x080014be   0x080014be   0x00000002   PAD
    0x080014c0   0x080014c0   0x00000144   Code   RO          205    i.Adc_Init          adc.o
    0x08001604   0x08001604   0x00000012   Code   RO          306    i.CharToLong        jy901.o
    0x08001616   0x08001616   0x00000002   PAD
    0x08001618   0x08001618   0x000003b4   Code   RO          307    i.CopeSerialData    jy901.o
    0x080019cc   0x080019cc   0x00000116   Code   RO          479    i.GPIO_Init         stm32f10x_gpio.o
    0x08001ae2   0x08001ae2   0x00000002   PAD
    0x08001ae4   0x08001ae4   0x00000044   Code   RO          206    i.Get_Adc           adc.o
    0x08001b28   0x08001b28   0x00000070   Code   RO          425    i.NVIC_Init         misc.o
    0x08001b98   0x08001b98   0x00000020   Code   RO          603    i.RCC_APB2PeriphClockCmd  stm32f10x_rcc.o
    0x08001bb8   0x08001bb8   0x000000d4   Code   RO          611    i.RCC_GetClocksFreq  stm32f10x_rcc.o
    0x08001c8c   0x08001c8c   0x00000008   Code   RO         1010    i.SetSysClock       system_stm32f10x.o
    0x08001c94   0x08001c94   0x000000e0   Code   RO         1011    i.SetSysClockTo72   system_stm32f10x.o
    0x08001d74   0x08001d74   0x00000010   Code   RO         2018    i.SysTick_Handler   board.o
    0x08001d84   0x08001d84   0x000000a4   Code   RO         1012    i.SystemCoreClockUpdate  system_stm32f10x.o
    0x08001e28   0x08001e28   0x00000060   Code   RO         1013    i.SystemInit        system_stm32f10x.o
    0x08001e88   0x08001e88   0x00000028   Code   RO          249    i.USART2_IRQHandler  usart2.o
    0x08001eb0   0x08001eb0   0x00000028   Code   RO          357    i.USART3_IRQHandler  usart3.o
    0x08001ed8   0x08001ed8   0x00000018   Code   RO          815    i.USART_Cmd         stm32f10x_usart.o
    0x08001ef0   0x08001ef0   0x0000001a   Code   RO          818    i.USART_GetFlagStatus  stm32f10x_usart.o
    0x08001f0a   0x08001f0a   0x0000004a   Code   RO          821    i.USART_ITConfig    stm32f10x_usart.o
    0x08001f54   0x08001f54   0x000000d8   Code   RO          822    i.USART_Init        stm32f10x_usart.o
    0x0800202c   0x0800202c   0x00000008   Code   RO          832    i.USART_SendData    stm32f10x_usart.o
    0x08002034   0x08002034   0x00000030   Code   RO         2019    i._SysTick_Config   board.o
    0x08002064   0x08002064   0x00000028   Code   RO         2236    i.__ARM_fpclassify  m_ws.l(fpclassify.o)
    0x0800208c   0x0800208c   0x0000004c   Code   RO         1418    i.__rt_ffs          kservice.o
    0x080020d8   0x080020d8   0x00000014   Code   RO         1211    i._has_defunct_thread  idle.o
    0x080020ec   0x080020ec   0x0000000e   Code   RO         2100    i._is_digit         c_w.l(__printf_wp.o)
    0x080020fa   0x080020fa   0x00000002   PAD
    0x080020fc   0x080020fc   0x00000084   Code   RO         1787    i._rt_thread_init   thread.o
    0x08002180   0x08002180   0x00000042   Code   RO         1908    i._rt_timer_init    timer.o
    0x080021c2   0x080021c2   0x0000002e   Code   RO         1909    i._rt_timer_remove  timer.o
    0x080021f0   0x080021f0   0x00000008   Code   RO          358    i._sys_exit         usart3.o
    0x080021f8   0x080021f8   0x0000001c   Code   RO          359    i.fputc             usart3.o
    0x08002214   0x08002214   0x00000070   Code   RO          137    i.get_adc           thread_mw.o
    0x08002284   0x08002284   0x000000fc   Code   RO            4    i.main              main.o
    0x08002380   0x08002380   0x0000000e   Code   RO         1138    i.main_thread_entry  components.o
    0x0800238e   0x0800238e   0x00000002   PAD
    0x08002390   0x08002390   0x00000078   Code   RO         1595    i.plug_holes        mem.o
    0x08002408   0x08002408   0x0000018c   Code   RO         1420    i.print_number      kservice.o
    0x08002594   0x08002594   0x0000002c   Code   RO         1139    i.rt_application_init  components.o
    0x080025c0   0x080025c0   0x0000001c   Code   RO         1140    i.rt_components_board_init  components.o
    0x080025dc   0x080025dc   0x0000001c   Code   RO         1141    i.rt_components_init  components.o
    0x080025f8   0x080025f8   0x00000020   Code   RO         1721    i.rt_enter_critical  scheduler.o
    0x08002618   0x08002618   0x0000003c   Code   RO         1722    i.rt_exit_critical  scheduler.o
    0x08002654   0x08002654   0x000000e0   Code   RO         1597    i.rt_free           mem.o
    0x08002734   0x08002734   0x00000008   Code   RO         2020    i.rt_heap_begin_get  board.o
    0x0800273c   0x0800273c   0x00000008   Code   RO         2021    i.rt_heap_end_get   board.o
    0x08002744   0x08002744   0x00000050   Code   RO         2022    i.rt_hw_board_init  board.o
    0x08002794   0x08002794   0x00000034   Code   RO         2023    i.rt_hw_console_output  board.o
    0x080027c8   0x080027c8   0x00000200   Code   RO         1060    i.rt_hw_hard_fault_exception  cpuport.o
    0x080029c8   0x080029c8   0x0000004c   Code   RO         1061    i.rt_hw_stack_init  cpuport.o
    0x08002a14   0x08002a14   0x00000020   Code   RO         1391    i.rt_interrupt_enter  irq.o
    0x08002a34   0x08002a34   0x00000020   Code   RO         1393    i.rt_interrupt_leave  irq.o
    0x08002a54   0x08002a54   0x00000014   Code   RO         1251    i.rt_ipc_list_resume  ipc.o
    0x08002a68   0x08002a68   0x0000006c   Code   RO         1253    i.rt_ipc_list_suspend  ipc.o
    0x08002ad4   0x08002ad4   0x00000010   Code   RO         1254    i.rt_ipc_object_init  ipc.o
    0x08002ae4   0x08002ae4   0x00000030   Code   RO         1424    i.rt_kprintf        kservice.o
    0x08002b14   0x08002b14   0x00000006   Code   RO         1255    i.rt_list_init      ipc.o
    0x08002b1a   0x08002b1a   0x00000006   Code   RO         1723    i.rt_list_init      scheduler.o
    0x08002b20   0x08002b20   0x00000006   Code   RO         1910    i.rt_list_init      timer.o
    0x08002b26   0x08002b26   0x0000000e   Code   RO         1645    i.rt_list_insert_after  object.o
    0x08002b34   0x08002b34   0x0000000e   Code   RO         1788    i.rt_list_insert_after  thread.o
    0x08002b42   0x08002b42   0x0000000e   Code   RO         1911    i.rt_list_insert_after  timer.o
    0x08002b50   0x08002b50   0x0000000e   Code   RO         1256    i.rt_list_insert_before  ipc.o
    0x08002b5e   0x08002b5e   0x00000010   Code   RO         1257    i.rt_list_isempty   ipc.o
    0x08002b6e   0x08002b6e   0x00000010   Code   RO         1912    i.rt_list_isempty   timer.o
    0x08002b7e   0x08002b7e   0x00000012   Code   RO         1646    i.rt_list_remove    object.o
    0x08002b90   0x08002b90   0x00000012   Code   RO         1789    i.rt_list_remove    thread.o
    0x08002ba2   0x08002ba2   0x00000002   PAD
    0x08002ba4   0x08002ba4   0x0000016c   Code   RO         1598    i.rt_malloc         mem.o
    0x08002d10   0x08002d10   0x00000048   Code   RO         1430    i.rt_memset         kservice.o
    0x08002d58   0x08002d58   0x00000054   Code   RO         1647    i.rt_object_allocate  object.o
    0x08002dac   0x08002dac   0x00000024   Code   RO         1648    i.rt_object_delete  object.o
    0x08002dd0   0x08002dd0   0x0000001e   Code   RO         1649    i.rt_object_detach  object.o
    0x08002dee   0x08002dee   0x00000002   PAD
    0x08002df0   0x08002df0   0x00000028   Code   RO         1651    i.rt_object_get_information  object.o
    0x08002e18   0x08002e18   0x0000003c   Code   RO         1653    i.rt_object_init    object.o
    0x08002e54   0x08002e54   0x00000012   Code   RO         1654    i.rt_object_is_systemobject  object.o
    0x08002e66   0x08002e66   0x00000002   PAD
    0x08002e68   0x08002e68   0x00000090   Code   RO         1724    i.rt_schedule       scheduler.o
    0x08002ef8   0x08002ef8   0x00000050   Code   RO         1725    i.rt_schedule_insert_thread  scheduler.o
    0x08002f48   0x08002f48   0x00000054   Code   RO         1726    i.rt_schedule_remove_thread  scheduler.o
    0x08002f9c   0x08002f9c   0x00000026   Code   RO         1270    i.rt_sem_init       ipc.o
    0x08002fc2   0x08002fc2   0x0000003a   Code   RO         1271    i.rt_sem_release    ipc.o
    0x08002ffc   0x08002ffc   0x00000074   Code   RO         1272    i.rt_sem_take       ipc.o
    0x08003070   0x08003070   0x000000b0   Code   RO         1432    i.rt_show_version   kservice.o
    0x08003120   0x08003120   0x00000012   Code   RO         1438    i.rt_strlen         kservice.o
    0x08003132   0x08003132   0x00000034   Code   RO         1440    i.rt_strncpy        kservice.o
    0x08003166   0x08003166   0x00000002   PAD
    0x08003168   0x08003168   0x000000f8   Code   RO         1601    i.rt_system_heap_init  mem.o
    0x08003260   0x08003260   0x0000004c   Code   RO         1727    i.rt_system_scheduler_init  scheduler.o
    0x080032ac   0x080032ac   0x00000030   Code   RO         1728    i.rt_system_scheduler_start  scheduler.o
    0x080032dc   0x080032dc   0x0000001c   Code   RO         1913    i.rt_system_timer_init  timer.o
    0x080032f8   0x080032f8   0x00000002   Code   RO         1914    i.rt_system_timer_thread_init  timer.o
    0x080032fa   0x080032fa   0x00000050   Code   RO         1791    i.rt_thread_create  thread.o
    0x0800334a   0x0800334a   0x0000000c   Code   RO         1792    i.rt_thread_delay   thread.o
    0x08003356   0x08003356   0x00000002   PAD
    0x08003358   0x08003358   0x00000054   Code   RO         1795    i.rt_thread_exit    thread.o
    0x080033ac   0x080033ac   0x00000008   Code   RO         1212    i.rt_thread_idle_entry  idle.o
    0x080033b4   0x080033b4   0x00000084   Code   RO         1213    i.rt_thread_idle_excute  idle.o
    0x08003438   0x08003438   0x0000003c   Code   RO         1215    i.rt_thread_idle_init  idle.o
    0x08003474   0x08003474   0x00000034   Code   RO         1797    i.rt_thread_init    thread.o
    0x080034a8   0x080034a8   0x0000003c   Code   RO         1799    i.rt_thread_resume  thread.o
    0x080034e4   0x080034e4   0x0000000c   Code   RO         1800    i.rt_thread_self    thread.o
    0x080034f0   0x080034f0   0x00000044   Code   RO         1801    i.rt_thread_sleep   thread.o
    0x08003534   0x08003534   0x0000002c   Code   RO         1802    i.rt_thread_startup  thread.o
    0x08003560   0x08003560   0x00000044   Code   RO         1803    i.rt_thread_suspend  thread.o
    0x080035a4   0x080035a4   0x00000020   Code   RO         1804    i.rt_thread_timeout  thread.o
    0x080035c4   0x080035c4   0x00000064   Code   RO         1805    i.rt_thread_yield   thread.o
    0x08003628   0x08003628   0x0000000c   Code   RO         1098    i.rt_tick_get       clock.o
    0x08003634   0x08003634   0x00000030   Code   RO         1099    i.rt_tick_increase  clock.o
    0x08003664   0x08003664   0x0000007c   Code   RO         1915    i.rt_timer_check    timer.o
    0x080036e0   0x080036e0   0x00000038   Code   RO         1916    i.rt_timer_control  timer.o
    0x08003718   0x08003718   0x00000020   Code   RO         1919    i.rt_timer_detach   timer.o
    0x08003738   0x08003738   0x0000002e   Code   RO         1920    i.rt_timer_init     timer.o
    0x08003766   0x08003766   0x00000002   PAD
    0x08003768   0x08003768   0x000000f8   Code   RO         1923    i.rt_timer_start    timer.o
    0x08003860   0x08003860   0x00000030   Code   RO         1924    i.rt_timer_stop     timer.o
    0x08003890   0x08003890   0x00000328   Code   RO         1443    i.rt_vsnprintf      kservice.o
    0x08003bb8   0x08003bb8   0x00000004   Code   RO         1142    i.rti_board_end     components.o
    0x08003bbc   0x08003bbc   0x00000004   Code   RO         1143    i.rti_board_start   components.o
    0x08003bc0   0x08003bc0   0x00000004   Code   RO         1144    i.rti_end           components.o
    0x08003bc4   0x08003bc4   0x00000004   Code   RO         1145    i.rti_start         components.o
    0x08003bc8   0x08003bc8   0x0000002a   Code   RO         1146    i.rtthread_startup  components.o
    0x08003bf2   0x08003bf2   0x00000002   PAD
    0x08003bf4   0x08003bf4   0x00000058   Code   RO          138    i.send_data         thread_mw.o
    0x08003c4c   0x08003c4c   0x0000005c   Code   RO          139    i.send_data_f       thread_mw.o
    0x08003ca8   0x08003ca8   0x00000190   Code   RO          140    i.send_data_f2      thread_mw.o
    0x08003e38   0x08003e38   0x00000026   Code   RO         1445    i.skip_atoi         kservice.o
    0x08003e5e   0x08003e5e   0x00000002   PAD
    0x08003e60   0x08003e60   0x00000114   Code   RO          141    i.time_thread       thread_mw.o
    0x08003f74   0x08003f74   0x000000a0   Code   RO         2024    i.uart_init         board.o
    0x08004014   0x08004014   0x000001a0   Code   RO          250    i.usart2_init       usart2.o
    0x080041b4   0x080041b4   0x000001a4   Code   RO          360    i.usart3_init       usart3.o
    0x08004358   0x08004358   0x0000002c   Code   RO         2232    locale$$code        c_w.l(lc_numeric_c.o)
    0x08004384   0x08004384   0x000002b0   Code   RO         2118    x$fpl$ddiv          fz_ws.l(ddiv.o)
    0x08004634   0x08004634   0x00000026   Code   RO         2121    x$fpl$dfltu         fz_ws.l(dflt_clz.o)
    0x0800465a   0x0800465a   0x0000009c   Code   RO         2167    x$fpl$dnaninf       fz_ws.l(dnaninf.o)
    0x080046f6   0x080046f6   0x0000000c   Code   RO         2169    x$fpl$dretinf       fz_ws.l(dretinf.o)
    0x08004702   0x08004702   0x00000002   PAD
    0x08004704   0x08004704   0x00000056   Code   RO         2127    x$fpl$f2d           fz_ws.l(f2d.o)
    0x0800475a   0x0800475a   0x00000002   PAD
    0x0800475c   0x0800475c   0x000000c4   Code   RO         2129    x$fpl$fadd          fz_ws.l(faddsub_clz.o)
    0x08004820   0x08004820   0x00000184   Code   RO         2136    x$fpl$fdiv          fz_ws.l(fdiv.o)
    0x080049a4   0x080049a4   0x00000036   Code   RO         2139    x$fpl$ffix          fz_ws.l(ffix.o)
    0x080049da   0x080049da   0x00000002   PAD
    0x080049dc   0x080049dc   0x0000003e   Code   RO         2143    x$fpl$ffixu         fz_ws.l(ffixu.o)
    0x08004a1a   0x08004a1a   0x00000002   PAD
    0x08004a1c   0x08004a1c   0x00000030   Code   RO         2148    x$fpl$fflt          fz_ws.l(fflt_clz.o)
    0x08004a4c   0x08004a4c   0x00000026   Code   RO         2147    x$fpl$ffltu         fz_ws.l(fflt_clz.o)
    0x08004a72   0x08004a72   0x00000002   PAD
    0x08004a74   0x08004a74   0x00000102   Code   RO         2153    x$fpl$fmul          fz_ws.l(fmul.o)
    0x08004b76   0x08004b76   0x0000008c   Code   RO         2171    x$fpl$fnaninf       fz_ws.l(fnaninf.o)
    0x08004c02   0x08004c02   0x0000000a   Code   RO         2173    x$fpl$fretinf       fz_ws.l(fretinf.o)
    0x08004c0c   0x08004c0c   0x00000014   Code   RO         2130    x$fpl$frsb          fz_ws.l(faddsub_clz.o)
    0x08004c20   0x08004c20   0x000000ea   Code   RO         2131    x$fpl$fsub          fz_ws.l(faddsub_clz.o)
    0x08004d0a   0x08004d0a   0x00000004   Code   RO         2155    x$fpl$printf1       fz_ws.l(printf1.o)
    0x08004d0e   0x08004d0e   0x00000000   Code   RO         2175    x$fpl$usenofp       fz_ws.l(usenofp.o)
    0x08004d0e   0x08004d0e   0x00000122   Data   RO         1447    .constdata          kservice.o
    0x08004e30   0x08004e30   0x00000094   Data   RO         2203    .constdata          c_w.l(bigflt0.o)
    0x08004ec4   0x08004ec4   0x00000004   Data   RO         1147    .rti_fn.0           components.o
    0x08004ec8   0x08004ec8   0x00000004   Data   RO         1148    .rti_fn.0.end       components.o
    0x08004ecc   0x08004ecc   0x00000004   Data   RO         1149    .rti_fn.1.end       components.o
    0x08004ed0   0x08004ed0   0x00000004   Data   RO         1150    .rti_fn.6.end       components.o
    0x08004ed4   0x08004ed4   0x00000020   Data   RO         2375    Region$$Table       anon$$obj.o
    0x08004ef4   0x08004ef4   0x0000001c   Data   RO         2231    locale$$data        c_w.l(lc_numeric_c.o)


    Execution Region RW_IRAM1 (Exec base: 0x20000000, Load base: 0x08004f10, Size: 0x00001a30, Max: 0x00005000, ABSOLUTE, COMPRESSED[0x00000050])

    Exec Addr    Load Addr    Size         Type   Attr      Idx    E Section Name        Object

    0x20000000   COMPRESSED   0x0000000c   Data   RW            5    .data               main.o
    0x2000000c   COMPRESSED   0x00000008   Data   RW          142    .data               thread_mw.o
    0x20000014   COMPRESSED   0x00000061   Data   RW          311    .data               jy901.o
    0x20000075   COMPRESSED   0x00000003   PAD
    0x20000078   COMPRESSED   0x00000004   Data   RW          361    .data               usart3.o
    0x2000007c   COMPRESSED   0x00000014   Data   RW          631    .data               stm32f10x_rcc.o
    0x20000090   COMPRESSED   0x00000014   Data   RW         1014    .data               system_stm32f10x.o
    0x200000a4   COMPRESSED   0x00000010   Data   RW         1062    .data               cpuport.o
    0x200000b4   COMPRESSED   0x00000004   Data   RW         1101    .data               clock.o
    0x200000b8   COMPRESSED   0x00000001   Data   RW         1394    .data               irq.o
    0x200000b9   COMPRESSED   0x00000003   PAD
    0x200000bc   COMPRESSED   0x00000018   Data   RW         1603    .data               mem.o
    0x200000d4   COMPRESSED   0x00000040   Data   RW         1656    .data               object.o
    0x20000114   COMPRESSED   0x00000018   Data   RW         1730    .data               scheduler.o
    0x2000012c   COMPRESSED   0x0000000c   Data   RW         1925    .data               timer.o
    0x20000138        -       0x00000010   Zero   RW          208    .bss                adc.o
    0x20000148        -       0x00000030   Zero   RW          310    .bss                jy901.o
    0x20000178        -       0x00000178   Zero   RW         1216    .bss                idle.o
    0x200002f0        -       0x00000080   Zero   RW         1446    .bss                kservice.o
    0x20000370        -       0x00000020   Zero   RW         1602    .bss                mem.o
    0x20000390        -       0x00000040   Zero   RW         1729    .bss                scheduler.o
    0x200003d0        -       0x00001000   Zero   RW         2025    .bss                board.o
    0x200013d0        -       0x00000060   Zero   RW         2239    .bss                c_w.l(libspace.o)
    0x20001430        -       0x00000200   Zero   RW         1001    HEAP                startup_stm32f10x_md.o
    0x20001630        -       0x00000400   Zero   RW         1000    STACK               startup_stm32f10x_md.o


==============================================================================

Image component sizes


      Code (inc. data)   RO Data    RW Data    ZI Data      Debug   Object Name

       392         32          0          0         16       1732   adc.o
       372         30          0          0       4096       4694   board.o
        60         12          0          4          0       1129   clock.o
       186         28         16          0          0       5688   components.o
       244         26          0          0          0        840   context_rvds.o
       588        328          0         16          0       3266   cpuport.o
       220         30          0          0        376       5494   idle.o
       392          0          0          0          0       8133   ipc.o
        64         12          0          1          0       1542   irq.o
       966         84          0         97         48       4141   jy901.o
      1684        164        290          0        128       8616   kservice.o
       252        134          0         12          0     238000   main.o
       956        224          0         24         32       3824   mem.o
       112         12          0          0          0       1140   misc.o
       300          4          0         64          0       8032   object.o
       530         88          0         24         64       8358   scheduler.o
        64         26        236          0       1536        816   startup_stm32f10x_md.o
       278          0          0          0          0       2080   stm32f10x_gpio.o
       244         26          0         20          0       4001   stm32f10x_rcc.o
       348          6          0          0          0       5109   stm32f10x_usart.o
       492         50          0         20          0       2893   system_stm32f10x.o
       776         36          0          0          0      11659   thread.o
       968        298          0          8          0       2993   thread_mw.o
       732         20          0         12          0      10944   timer.o
       456         28          0          0          0      26813   usart2.o
       496         34          0          4          0       4392   usart3.o

    ----------------------------------------------------------------------
     12196       1732        574        312       6296     376329   Object Totals
         0          0         32          0          0          0   (incl. Generated)
        24          0          0          6          0          0   (incl. Padding)

    ----------------------------------------------------------------------

      Code (inc. data)   RO Data    RW Data    ZI Data      Debug   Library Member Name

        90          0          0          0          0          0   __dczerorl2.o
         8          0          0          0          0         68   __main.o
       284          0          0          0          0        156   __printf_wp.o
         0          0          0          0          0          0   __rtentry.o
        12          0          0          0          0          0   __rtentry2.o
         6          0          0          0          0          0   __rtentry4.o
        52          8          0          0          0          0   __scatter.o
        28          0          0          0          0          0   __scatter_zi.o
        48          6          0          0          0         96   _printf_char_common.o
        36          4          0          0          0         80   _printf_char_file.o
         6          0          0          0          0          0   _printf_d.o
       120         16          0          0          0         92   _printf_dec.o
         6          0          0          0          0          0   _printf_f.o
      1054          0          0          0          0        216   _printf_fp_dec.o
       128         16          0          0          0         84   _printf_fp_infnan.o
       178          0          0          0          0         88   _printf_intcommon.o
        78          0          0          0          0        108   _printf_pad.o
         0          0          0          0          0          0   _printf_percent.o
         4          0          0          0          0          0   _printf_percent_end.o
       228          4        148          0          0         96   bigflt0.o
      1936        128          0          0          0        672   btod.o
        18          0          0          0          0         80   exit.o
         8          0          0          0          0         68   ferror.o
         6          0          0          0          0        152   heapauxi.o
        44         10         28          0          0         76   lc_numeric_c.o
         2          0          0          0          0          0   libinit.o
        18          0          0          0          0          0   libinit2.o
         2          0          0          0          0          0   libshutdown.o
         2          0          0          0          0          0   libshutdown2.o
         8          4          0          0         96         68   libspace.o
       138          0          0          0          0         80   lludiv10.o
        24          4          0          0          0         84   noretval__2printf.o
         8          4          0          0          0         68   rt_locale_intlibspace.o
         2          0          0          0          0          0   rtexit.o
        10          0          0          0          0          0   rtexit2.o
       128          0          0          0          0         68   strcmpv7m.o
        74          0          0          0          0         80   sys_stackheap_outer.o
         2          0          0          0          0         68   use_no_semi.o
         2          0          0          0          0         68   use_no_semi_2.o
       688        140          0          0          0        208   ddiv.o
        38          0          0          0          0         68   dflt_clz.o
       156          4          0          0          0         92   dnaninf.o
        12          0          0          0          0         68   dretinf.o
        86          4          0          0          0         84   f2d.o
       450          8          0          0          0        236   faddsub_clz.o
       388         76          0          0          0         96   fdiv.o
        54          4          0          0          0         84   ffix.o
        62          4          0          0          0         84   ffixu.o
        86          0          0          0          0        136   fflt_clz.o
       258          4          0          0          0         84   fmul.o
       140          4          0          0          0         84   fnaninf.o
        10          0          0          0          0         68   fretinf.o
         4          0          0          0          0         68   printf1.o
         0          0          0          0          0          0   usenofp.o
        40          0          0          0          0         68   fpclassify.o

    ----------------------------------------------------------------------
      7294        452        176          0         96       4244   Library Totals
        24          0          0          0          0          0   (incl. Padding)

    ----------------------------------------------------------------------

      Code (inc. data)   RO Data    RW Data    ZI Data      Debug   Library Name

      4798        204        176          0         96       2716   c_w.l
      2432        248          0          0          0       1460   fz_ws.l
        40          0          0          0          0         68   m_ws.l

    ----------------------------------------------------------------------
      7294        452        176          0         96       4244   Library Totals

    ----------------------------------------------------------------------

==============================================================================


      Code (inc. data)   RO Data    RW Data    ZI Data      Debug   

     19490       2184        750        312       6392     372093   Grand Totals
     19490       2184        750         80       6392     372093   ELF Image Totals (compressed)
     19490       2184        750         80          0          0   ROM Totals

==============================================================================

    Total RO  Size (Code + RO Data)                20240 (  19.77kB)
    Total RW  Size (RW Data + ZI Data)              6704 (   6.55kB)
    Total ROM Size (Code + RO Data + RW Data)      20320 (  19.84kB)

==============================================================================

